Archive member included to satisfy reference by file (symbol)

c:/st/stm32cubeide_1.7.0/stm32cubeide/plugins/com.st.stm32cube.ide.mcu.externaltools.gnu-tools-for-stm32.9-2020-q2-update.win32_2.0.0.202105311346/tools/bin/../lib/gcc/arm-none-eabi/9.3.1/../../../../arm-none-eabi/lib/thumb/v7e-m+dp/hard\libc_nano.a(lib_a-errno.o)
                              ./Core/Src/syscalls.o (__errno)
c:/st/stm32cubeide_1.7.0/stm32cubeide/plugins/com.st.stm32cube.ide.mcu.externaltools.gnu-tools-for-stm32.9-2020-q2-update.win32_2.0.0.202105311346/tools/bin/../lib/gcc/arm-none-eabi/9.3.1/../../../../arm-none-eabi/lib/thumb/v7e-m+dp/hard\libc_nano.a(lib_a-exit.o)
                              c:/st/stm32cubeide_1.7.0/stm32cubeide/plugins/com.st.stm32cube.ide.mcu.externaltools.gnu-tools-for-stm32.9-2020-q2-update.win32_2.0.0.202105311346/tools/bin/../lib/gcc/arm-none-eabi/9.3.1/../../../../arm-none-eabi/lib/thumb/v7e-m+dp/hard/crt0.o (exit)
c:/st/stm32cubeide_1.7.0/stm32cubeide/plugins/com.st.stm32cube.ide.mcu.externaltools.gnu-tools-for-stm32.9-2020-q2-update.win32_2.0.0.202105311346/tools/bin/../lib/gcc/arm-none-eabi/9.3.1/../../../../arm-none-eabi/lib/thumb/v7e-m+dp/hard\libc_nano.a(lib_a-impure.o)
                              c:/st/stm32cubeide_1.7.0/stm32cubeide/plugins/com.st.stm32cube.ide.mcu.externaltools.gnu-tools-for-stm32.9-2020-q2-update.win32_2.0.0.202105311346/tools/bin/../lib/gcc/arm-none-eabi/9.3.1/../../../../arm-none-eabi/lib/thumb/v7e-m+dp/hard\libc_nano.a(lib_a-exit.o) (_global_impure_ptr)
c:/st/stm32cubeide_1.7.0/stm32cubeide/plugins/com.st.stm32cube.ide.mcu.externaltools.gnu-tools-for-stm32.9-2020-q2-update.win32_2.0.0.202105311346/tools/bin/../lib/gcc/arm-none-eabi/9.3.1/../../../../arm-none-eabi/lib/thumb/v7e-m+dp/hard\libc_nano.a(lib_a-init.o)
                              c:/st/stm32cubeide_1.7.0/stm32cubeide/plugins/com.st.stm32cube.ide.mcu.externaltools.gnu-tools-for-stm32.9-2020-q2-update.win32_2.0.0.202105311346/tools/bin/../lib/gcc/arm-none-eabi/9.3.1/../../../../arm-none-eabi/lib/thumb/v7e-m+dp/hard/crt0.o (__libc_init_array)
c:/st/stm32cubeide_1.7.0/stm32cubeide/plugins/com.st.stm32cube.ide.mcu.externaltools.gnu-tools-for-stm32.9-2020-q2-update.win32_2.0.0.202105311346/tools/bin/../lib/gcc/arm-none-eabi/9.3.1/../../../../arm-none-eabi/lib/thumb/v7e-m+dp/hard\libc_nano.a(lib_a-memset.o)
                              c:/st/stm32cubeide_1.7.0/stm32cubeide/plugins/com.st.stm32cube.ide.mcu.externaltools.gnu-tools-for-stm32.9-2020-q2-update.win32_2.0.0.202105311346/tools/bin/../lib/gcc/arm-none-eabi/9.3.1/../../../../arm-none-eabi/lib/thumb/v7e-m+dp/hard/crt0.o (memset)
c:/st/stm32cubeide_1.7.0/stm32cubeide/plugins/com.st.stm32cube.ide.mcu.externaltools.gnu-tools-for-stm32.9-2020-q2-update.win32_2.0.0.202105311346/tools/bin/../lib/gcc/arm-none-eabi/9.3.1/thumb/v7e-m+dp/hard\libgcc.a(_aeabi_uldivmod.o)
                              ./Drivers/STM32H7xx_HAL_Driver/Src/stm32h7xx_hal_uart.o (__aeabi_uldivmod)
c:/st/stm32cubeide_1.7.0/stm32cubeide/plugins/com.st.stm32cube.ide.mcu.externaltools.gnu-tools-for-stm32.9-2020-q2-update.win32_2.0.0.202105311346/tools/bin/../lib/gcc/arm-none-eabi/9.3.1/thumb/v7e-m+dp/hard\libgcc.a(_udivmoddi4.o)
                              c:/st/stm32cubeide_1.7.0/stm32cubeide/plugins/com.st.stm32cube.ide.mcu.externaltools.gnu-tools-for-stm32.9-2020-q2-update.win32_2.0.0.202105311346/tools/bin/../lib/gcc/arm-none-eabi/9.3.1/thumb/v7e-m+dp/hard\libgcc.a(_aeabi_uldivmod.o) (__udivmoddi4)
c:/st/stm32cubeide_1.7.0/stm32cubeide/plugins/com.st.stm32cube.ide.mcu.externaltools.gnu-tools-for-stm32.9-2020-q2-update.win32_2.0.0.202105311346/tools/bin/../lib/gcc/arm-none-eabi/9.3.1/thumb/v7e-m+dp/hard\libgcc.a(_dvmd_tls.o)
                              c:/st/stm32cubeide_1.7.0/stm32cubeide/plugins/com.st.stm32cube.ide.mcu.externaltools.gnu-tools-for-stm32.9-2020-q2-update.win32_2.0.0.202105311346/tools/bin/../lib/gcc/arm-none-eabi/9.3.1/thumb/v7e-m+dp/hard\libgcc.a(_aeabi_uldivmod.o) (__aeabi_ldiv0)

Allocating common symbols
Common symbol       size              file

htim24              0x4c              ./Core/Src/main.o
htim8               0x4c              ./Core/Src/main.o
htim4               0x4c              ./Core/Src/main.o
huart3              0x90              ./Core/Src/main.o
DIR                 0x1               ./Core/Src/main.o
uwTick              0x4               ./Drivers/STM32H7xx_HAL_Driver/Src/stm32h7xx_hal.o
pFlash              0x1c              ./Drivers/STM32H7xx_HAL_Driver/Src/stm32h7xx_hal_flash.o
ref                 0x1               ./Core/Src/main.o
htim5               0x4c              ./Core/Src/main.o
speed_d             0x4               ./Core/Src/main.o
htim3               0x4c              ./Core/Src/main.o
err_pos             0x4               ./Core/Src/main.o
diff_err_pos        0x4               ./Core/Src/main.o
v_flt               0x4               ./Core/Src/main.o
err                 0x4               ./Core/Src/main.o
[...]
Memory Configuration

Name             Origin             Length             Attributes
ITCMRAM          0x0000000000000000 0x0000000000010000 xrw
DTCMRAM          0x0000000020000000 0x0000000000020000 xrw
FLASH            0x0000000008000000 0x0000000000100000 xr
RAM_D1           0x0000000024000000 0x0000000000050000 xrw
RAM_D2           0x0000000030000000 0x0000000000008000 xrw
RAM_D3           0x0000000038000000 0x0000000000004000 xrw
*default*        0x0000000000000000 0xffffffffffffffff

Linker script and memory map

LOAD c:/st/stm32cubeide_1.7.0/stm32cubeide/plugins/com.st.stm32cube.ide.mcu.externaltools.gnu-tools-for-stm32.9-2020-q2-update.win32_2.0.0.202105311346/tools/bin/../lib/gcc/arm-none-eabi/9.3.1/thumb/v7e-m+dp/hard/crti.o
LOAD c:/st/stm32cubeide_1.7.0/stm32cubeide/plugins/com.st.stm32cube.ide.mcu.externaltools.gnu-tools-for-stm32.9-2020-q2-update.win32_2.0.0.202105311346/tools/bin/../lib/gcc/arm-none-eabi/9.3.1/thumb/v7e-m+dp/hard/crtbegin.o
LOAD c:/st/stm32cubeide_1.7.0/stm32cubeide/plugins/com.st.stm32cube.ide.mcu.externaltools.gnu-tools-for-stm32.9-2020-q2-update.win32_2.0.0.202105311346/tools/bin/../lib/gcc/arm-none-eabi/9.3.1/../../../../arm-none-eabi/lib/thumb/v7e-m+dp/hard/crt0.o
LOAD ./Core/Src/main.o
LOAD ./Core/Src/stm32h7xx_hal_msp.o
LOAD ./Core/Src/stm32h7xx_it.o
LOAD ./Core/Src/syscalls.o
LOAD ./Core/Src/sysmem.o
LOAD ./Core/Src/system_stm32h7xx.o
LOAD ./Core/Startup/startup_stm32h723zgtx.o
LOAD ./Drivers/STM32H7xx_HAL_Driver/Src/stm32h7xx_hal.o
LOAD ./Drivers/STM32H7xx_HAL_Driver/Src/stm32h7xx_hal_cortex.o
LOAD ./Drivers/STM32H7xx_HAL_Driver/Src/stm32h7xx_hal_dma.o
LOAD ./Drivers/STM32H7xx_HAL_Driver/Src/stm32h7xx_hal_dma_ex.o
LOAD ./Drivers/STM32H7xx_HAL_Driver/Src/stm32h7xx_hal_exti.o
LOAD ./Drivers/STM32H7xx_HAL_Driver/Src/stm32h7xx_hal_flash.o
LOAD ./Drivers/STM32H7xx_HAL_Driver/Src/stm32h7xx_hal_flash_ex.o
LOAD ./Drivers/STM32H7xx_HAL_Driver/Src/stm32h7xx_hal_gpio.o
LOAD ./Drivers/STM32H7xx_HAL_Driver/Src/stm32h7xx_hal_hsem.o
LOAD ./Drivers/STM32H7xx_HAL_Driver/Src/stm32h7xx_hal_i2c.o
LOAD ./Drivers/STM32H7xx_HAL_Driver/Src/stm32h7xx_hal_i2c_ex.o
LOAD ./Drivers/STM32H7xx_HAL_Driver/Src/stm32h7xx_hal_mdma.o
LOAD ./Drivers/STM32H7xx_HAL_Driver/Src/stm32h7xx_hal_pwr.o
LOAD ./Drivers/STM32H7xx_HAL_Driver/Src/stm32h7xx_hal_pwr_ex.o
LOAD ./Drivers/STM32H7xx_HAL_Driver/Src/stm32h7xx_hal_rcc.o
LOAD ./Drivers/STM32H7xx_HAL_Driver/Src/stm32h7xx_hal_rcc_ex.o
LOAD ./Drivers/STM32H7xx_HAL_Driver/Src/stm32h7xx_hal_tim.o
LOAD ./Drivers/STM32H7xx_HAL_Driver/Src/stm32h7xx_hal_tim_ex.o
LOAD ./Drivers/STM32H7xx_HAL_Driver/Src/stm32h7xx_hal_uart.o
LOAD ./Drivers/STM32H7xx_HAL_Driver/Src/stm32h7xx_hal_uart_ex.o
START GROUP
LOAD c:/st/stm32cubeide_1.7.0/stm32cubeide/plugins/com.st.stm32cube.ide.mcu.externaltools.gnu-tools-for-stm32.9-2020-q2-update.win32_2.0.0.202105311346/tools/bin/../lib/gcc/arm-none-eabi/9.3.1/../../../../arm-none-eabi/lib/thumb/v7e-m+dp/hard\libc_nano.a
LOAD c:/st/stm32cubeide_1.7.0/stm32cubeide/plugins/com.st.stm32cube.ide.mcu.externaltools.gnu-tools-for-stm32.9-2020-q2-update.win32_2.0.0.202105311346/tools/bin/../lib/gcc/arm-none-eabi/9.3.1/../../../../arm-none-eabi/lib/thumb/v7e-m+dp/hard\libm.a
END GROUP
START GROUP
LOAD c:/st/stm32cubeide_1.7.0/stm32cubeide/plugins/com.st.stm32cube.ide.mcu.externaltools.gnu-tools-for-stm32.9-2020-q2-update.win32_2.0.0.202105311346/tools/bin/../lib/gcc/arm-none-eabi/9.3.1/thumb/v7e-m+dp/hard\libgcc.a
LOAD c:/st/stm32cubeide_1.7.0/stm32cubeide/plugins/com.st.stm32cube.ide.mcu.externaltools.gnu-tools-for-stm32.9-2020-q2-update.win32_2.0.0.202105311346/tools/bin/../lib/gcc/arm-none-eabi/9.3.1/../../../../arm-none-eabi/lib/thumb/v7e-m+dp/hard\libc_nano.a
END GROUP
START GROUP
LOAD c:/st/stm32cubeide_1.7.0/stm32cubeide/plugins/com.st.stm32cube.ide.mcu.externaltools.gnu-tools-for-stm32.9-2020-q2-update.win32_2.0.0.202105311346/tools/bin/../lib/gcc/arm-none-eabi/9.3.1/thumb/v7e-m+dp/hard\libgcc.a
LOAD c:/st/stm32cubeide_1.7.0/stm32cubeide/plugins/com.st.stm32cube.ide.mcu.externaltools.gnu-tools-for-stm32.9-2020-q2-update.win32_2.0.0.202105311346/tools/bin/../lib/gcc/arm-none-eabi/9.3.1/../../../../arm-none-eabi/lib/thumb/v7e-m+dp/hard\libc_nano.a
LOAD c:/st/stm32cubeide_1.7.0/stm32cubeide/plugins/com.st.stm32cube.ide.mcu.externaltools.gnu-tools-for-stm32.9-2020-q2-update.win32_2.0.0.202105311346/tools/bin/../lib/gcc/arm-none-eabi/9.3.1/../../../../arm-none-eabi/lib/thumb/v7e-m+dp/hard\libnosys.a
END GROUP
START GROUP
LOAD c:/st/stm32cubeide_1.7.0/stm32cubeide/plugins/com.st.stm32cube.ide.mcu.externaltools.gnu-tools-for-stm32.9-2020-q2-update.win32_2.0.0.202105311346/tools/bin/../lib/gcc/arm-none-eabi/9.3.1/thumb/v7e-m+dp/hard\libgcc.a
LOAD c:/st/stm32cubeide_1.7.0/stm32cubeide/plugins/com.st.stm32cube.ide.mcu.externaltools.gnu-tools-for-stm32.9-2020-q2-update.win32_2.0.0.202105311346/tools/bin/../lib/gcc/arm-none-eabi/9.3.1/../../../../arm-none-eabi/lib/thumb/v7e-m+dp/hard\libc_nano.a
LOAD c:/st/stm32cubeide_1.7.0/stm32cubeide/plugins/com.st.stm32cube.ide.mcu.externaltools.gnu-tools-for-stm32.9-2020-q2-update.win32_2.0.0.202105311346/tools/bin/../lib/gcc/arm-none-eabi/9.3.1/../../../../arm-none-eabi/lib/thumb/v7e-m+dp/hard\libnosys.a
END GROUP
LOAD c:/st/stm32cubeide_1.7.0/stm32cubeide/plugins/com.st.stm32cube.ide.mcu.externaltools.gnu-tools-for-stm32.9-2020-q2-update.win32_2.0.0.202105311346/tools/bin/../lib/gcc/arm-none-eabi/9.3.1/thumb/v7e-m+dp/hard/crtend.o
LOAD c:/st/stm32cubeide_1.7.0/stm32cubeide/plugins/com.st.stm32cube.ide.mcu.externaltools.gnu-tools-for-stm32.9-2020-q2-update.win32_2.0.0.202105311346/tools/bin/../lib/gcc/arm-none-eabi/9.3.1/thumb/v7e-m+dp/hard/crtn.o
                0x0000000024050000                _estack = (ORIGIN (RAM_D1) + LENGTH (RAM_D1))
                0x0000000000000200                _Min_Heap_Size = 0x200
                0x0000000000000400                _Min_Stack_Size = 0x400

.isr_vector     0x0000000008000000      0x2cc
                0x0000000008000000                . = ALIGN (0x4)
 *(.isr_vector)
 .isr_vector    0x0000000008000000      0x2cc ./Core/Startup/startup_stm32h723zgtx.o
                0x0000000008000000                g_pfnVectors
                0x00000000080002cc                . = ALIGN (0x4)

.text           0x00000000080002d0     0x78f0
                0x00000000080002d0                . = ALIGN (0x4)
 *(.text)
 .text          0x00000000080002d0       0x40 c:/st/stm32cubeide_1.7.0/stm32cubeide/plugins/com.st.stm32cube.ide.mcu.externaltools.gnu-tools-for-stm32.9-2020-q2-update.win32_2.0.0.202105311346/tools/bin/../lib/gcc/arm-none-eabi/9.3.1/thumb/v7e-m+dp/hard/crtbegin.o
 .text          0x0000000008000310       0x30 c:/st/stm32cubeide_1.7.0/stm32cubeide/plugins/com.st.stm32cube.ide.mcu.externaltools.gnu-tools-for-stm32.9-2020-q2-update.win32_2.0.0.202105311346/tools/bin/../lib/gcc/arm-none-eabi/9.3.1/thumb/v7e-m+dp/hard\libgcc.a(_aeabi_uldivmod.o)
                0x0000000008000310                __aeabi_uldivmod
 .text          0x0000000008000340      0x2c4 c:/st/stm32cubeide_1.7.0/stm32cubeide/plugins/com.st.stm32cube.ide.mcu.externaltools.gnu-tools-for-stm32.9-2020-q2-update.win32_2.0.0.202105311346/tools/bin/../lib/gcc/arm-none-eabi/9.3.1/thumb/v7e-m+dp/hard\libgcc.a(_udivmoddi4.o)
                0x0000000008000340                __udivmoddi4
 .text          0x0000000008000604        0x4 c:/st/stm32cubeide_1.7.0/stm32cubeide/plugins/com.st.stm32cube.ide.mcu.externaltools.gnu-tools-for-stm32.9-2020-q2-update.win32_2.0.0.202105311346/tools/bin/../lib/gcc/arm-none-eabi/9.3.1/thumb/v7e-m+dp/hard\libgcc.a(_dvmd_tls.o)
                0x0000000008000604                __aeabi_idiv0
                0x0000000008000604                __aeabi_ldiv0
 *(.text*)
 .text.main     0x0000000008000608      0x410 ./Core/Src/main.o
                0x0000000008000608                main
 .text.SystemClock_Config
                0x0000000008000a18       0xe0 ./Core/Src/main.o
                0x0000000008000a18                SystemClock_Config
 .text.MX_TIM2_Init
                0x0000000008000af8       0x9c ./Core/Src/main.o
 .text.MX_TIM3_Init
                0x0000000008000b94       0xac ./Core/Src/main.o
 .text.MX_TIM4_Init
                0x0000000008000c40       0xf0 ./Core/Src/main.o
 .text.MX_TIM5_Init
                0x0000000008000d30       0xa0 ./Core/Src/main.o
 .text.MX_TIM8_Init
                0x0000000008000dd0       0xf0 ./Core/Src/main.o
 .text.MX_TIM23_Init
                0x0000000008000ec0       0xa0 ./Core/Src/main.o
 .text.MX_TIM24_Init
                0x0000000008000f60       0x9c ./Core/Src/main.o
 .text.MX_USART3_UART_Init
                0x0000000008000ffc       0x98 ./Core/Src/main.o
 .text.MX_USB_OTG_HS_USB_Init
                0x0000000008001094        0xe ./Core/Src/main.o
 *fill*         0x00000000080010a2        0x2 
 .text.MX_GPIO_Init
                0x00000000080010a4      0x2cc ./Core/Src/main.o
 .text.HAL_TIM_PeriodElapsedCallback
                0x0000000008001370      0x4fc ./Core/Src/main.o
                0x0000000008001370                HAL_TIM_PeriodElapsedCallback
 .text.Error_Handler
                0x000000000800186c        0xa ./Core/Src/main.o
                0x000000000800186c                Error_Handler
 *fill*         0x0000000008001876        0x2 
 .text.HAL_MspInit
                0x0000000008001878       0x34 ./Core/Src/stm32h7xx_hal_msp.o
                0x0000000008001878                HAL_MspInit
 .text.HAL_TIM_Base_MspInit
                0x00000000080018ac      0x1a8 ./Core/Src/stm32h7xx_hal_msp.o
                0x00000000080018ac                HAL_TIM_Base_MspInit
 .text.HAL_TIM_Encoder_MspInit
                0x0000000008001a54       0x94 ./Core/Src/stm32h7xx_hal_msp.o
                0x0000000008001a54                HAL_TIM_Encoder_MspInit
 .text.HAL_TIM_MspPostInit
                0x0000000008001ae8       0x78 ./Core/Src/stm32h7xx_hal_msp.o
                0x0000000008001ae8                HAL_TIM_MspPostInit
 .text.HAL_UART_MspInit
                0x0000000008001b60       0xcc ./Core/Src/stm32h7xx_hal_msp.o
                0x0000000008001b60                HAL_UART_MspInit
 .text.NMI_Handler
                0x0000000008001c2c        0x6 ./Core/Src/stm32h7xx_it.o
                0x0000000008001c2c                NMI_Handler
 .text.HardFault_Handler
                0x0000000008001c32        0x6 ./Core/Src/stm32h7xx_it.o
                0x0000000008001c32                HardFault_Handler
 .text.MemManage_Handler
                0x0000000008001c38        0x6 ./Core/Src/stm32h7xx_it.o
                0x0000000008001c38                MemManage_Handler
 .text.BusFault_Handler
                0x0000000008001c3e        0x6 ./Core/Src/stm32h7xx_it.o
                0x0000000008001c3e                BusFault_Handler
 .text.UsageFault_Handler
                0x0000000008001c44        0x6 ./Core/Src/stm32h7xx_it.o
                0x0000000008001c44                UsageFault_Handler
 .text.SVC_Handler
                0x0000000008001c4a        0xe ./Core/Src/stm32h7xx_it.o
                0x0000000008001c4a                SVC_Handler
 .text.DebugMon_Handler
                0x0000000008001c58        0xe ./Core/Src/stm32h7xx_it.o
                0x0000000008001c58                DebugMon_Handler
 .text.PendSV_Handler
                0x0000000008001c66        0xe ./Core/Src/stm32h7xx_it.o
                0x0000000008001c66                PendSV_Handler
 .text.SysTick_Handler
                0x0000000008001c74        0xc ./Core/Src/stm32h7xx_it.o
                0x0000000008001c74                SysTick_Handler
 .text.TIM2_IRQHandler
                0x0000000008001c80       0x14 ./Core/Src/stm32h7xx_it.o
                0x0000000008001c80                TIM2_IRQHandler
 .text.EXTI15_10_IRQHandler
                0x0000000008001c94       0x10 ./Core/Src/stm32h7xx_it.o
                0x0000000008001c94                EXTI15_10_IRQHandler
 .text.TIM23_IRQHandler
                0x0000000008001ca4       0x14 ./Core/Src/stm32h7xx_it.o
                0x0000000008001ca4                TIM23_IRQHandler
 .text.TIM24_IRQHandler
                0x0000000008001cb8       0x14 ./Core/Src/stm32h7xx_it.o
                0x0000000008001cb8                TIM24_IRQHandler
 .text.SystemInit
                0x0000000008001ccc       0xf0 ./Core/Src/system_stm32h7xx.o
                0x0000000008001ccc                SystemInit
 .text.Reset_Handler
                0x0000000008001dbc       0x50 ./Core/Startup/startup_stm32h723zgtx.o
                0x0000000008001dbc                Reset_Handler
 .text.Default_Handler
                0x0000000008001e0c        0x2 ./Core/Startup/startup_stm32h723zgtx.o
                0x0000000008001e0c                RTC_Alarm_IRQHandler
                0x0000000008001e0c                EXTI2_IRQHandler
                0x0000000008001e0c                TIM8_CC_IRQHandler
                0x0000000008001e0c                UART8_IRQHandler
                0x0000000008001e0c                SPI4_IRQHandler
                0x0000000008001e0c                FDCAN3_IT0_IRQHandler
                0x0000000008001e0c                TIM1_CC_IRQHandler
                0x0000000008001e0c                BDMA_Channel6_IRQHandler
                0x0000000008001e0c                DMA2_Stream5_IRQHandler
                0x0000000008001e0c                DMA1_Stream5_IRQHandler
                0x0000000008001e0c                CORDIC_IRQHandler
                0x0000000008001e0c                BDMA_Channel1_IRQHandler
                0x0000000008001e0c                TAMP_STAMP_IRQHandler
                0x0000000008001e0c                EXTI3_IRQHandler
                0x0000000008001e0c                LPTIM4_IRQHandler
                0x0000000008001e0c                TIM8_TRG_COM_TIM14_IRQHandler
                0x0000000008001e0c                LPTIM2_IRQHandler
                0x0000000008001e0c                DFSDM1_FLT1_IRQHandler
                0x0000000008001e0c                DMAMUX2_OVR_IRQHandler
                0x0000000008001e0c                TIM8_UP_TIM13_IRQHandler
                0x0000000008001e0c                I2C3_ER_IRQHandler
                0x0000000008001e0c                DFSDM1_FLT2_IRQHandler
                0x0000000008001e0c                I2C5_EV_IRQHandler
                0x0000000008001e0c                USART10_IRQHandler
                0x0000000008001e0c                MDMA_IRQHandler
                0x0000000008001e0c                LPTIM3_IRQHandler
                0x0000000008001e0c                HSEM1_IRQHandler
                0x0000000008001e0c                EXTI0_IRQHandler
                0x0000000008001e0c                I2C2_EV_IRQHandler
                0x0000000008001e0c                DMA1_Stream2_IRQHandler
                0x0000000008001e0c                FPU_IRQHandler
                0x0000000008001e0c                OTG_HS_WKUP_IRQHandler
                0x0000000008001e0c                FDCAN1_IT1_IRQHandler
                0x0000000008001e0c                LTDC_ER_IRQHandler
                0x0000000008001e0c                DMA2_Stream2_IRQHandler
                0x0000000008001e0c                SPI1_IRQHandler
                0x0000000008001e0c                OCTOSPI1_IRQHandler
                0x0000000008001e0c                TIM6_DAC_IRQHandler
                0x0000000008001e0c                DMA2_Stream3_IRQHandler
                0x0000000008001e0c                OCTOSPI2_IRQHandler
                0x0000000008001e0c                DFSDM1_FLT3_IRQHandler
                0x0000000008001e0c                USART6_IRQHandler
                0x0000000008001e0c                TIM17_IRQHandler
                0x0000000008001e0c                USART3_IRQHandler
                0x0000000008001e0c                BDMA_Channel7_IRQHandler
                0x0000000008001e0c                LPTIM5_IRQHandler
                0x0000000008001e0c                UART5_IRQHandler
                0x0000000008001e0c                ADC3_IRQHandler
                0x0000000008001e0c                DMA2_Stream0_IRQHandler
                0x0000000008001e0c                TIM4_IRQHandler
                0x0000000008001e0c                BDMA_Channel2_IRQHandler
                0x0000000008001e0c                I2C1_EV_IRQHandler
                0x0000000008001e0c                DMA1_Stream6_IRQHandler
                0x0000000008001e0c                DMAMUX1_OVR_IRQHandler
                0x0000000008001e0c                DMA1_Stream1_IRQHandler
                0x0000000008001e0c                TIM16_IRQHandler
                0x0000000008001e0c                UART4_IRQHandler
                0x0000000008001e0c                BDMA_Channel5_IRQHandler
                0x0000000008001e0c                TIM3_IRQHandler
                0x0000000008001e0c                RCC_IRQHandler
                0x0000000008001e0c                UART9_IRQHandler
                0x0000000008001e0c                TIM8_BRK_TIM12_IRQHandler
                0x0000000008001e0c                TIM1_TRG_COM_IRQHandler
                0x0000000008001e0c                Default_Handler
                0x0000000008001e0c                ECC_IRQHandler
                0x0000000008001e0c                FMAC_IRQHandler
                0x0000000008001e0c                CEC_IRQHandler
                0x0000000008001e0c                BDMA_Channel0_IRQHandler
                0x0000000008001e0c                ADC_IRQHandler
                0x0000000008001e0c                I2C5_ER_IRQHandler
                0x0000000008001e0c                DMA1_Stream7_IRQHandler
                0x0000000008001e0c                SPI5_IRQHandler
                0x0000000008001e0c                TIM7_IRQHandler
                0x0000000008001e0c                FDCAN3_IT1_IRQHandler
                0x0000000008001e0c                SDMMC1_IRQHandler
                0x0000000008001e0c                TIM5_IRQHandler
                0x0000000008001e0c                DMA2_Stream7_IRQHandler
                0x0000000008001e0c                TIM15_IRQHandler
                0x0000000008001e0c                PVD_AVD_IRQHandler
                0x0000000008001e0c                I2C3_EV_IRQHandler
                0x0000000008001e0c                EXTI9_5_IRQHandler
                0x0000000008001e0c                RTC_WKUP_IRQHandler
                0x0000000008001e0c                LTDC_IRQHandler
                0x0000000008001e0c                ETH_WKUP_IRQHandler
                0x0000000008001e0c                SPDIF_RX_IRQHandler
                0x0000000008001e0c                SPI2_IRQHandler
                0x0000000008001e0c                OTG_HS_EP1_IN_IRQHandler
                0x0000000008001e0c                DMA1_Stream0_IRQHandler
                0x0000000008001e0c                CRS_IRQHandler
                0x0000000008001e0c                EXTI4_IRQHandler
                0x0000000008001e0c                RNG_IRQHandler
                0x0000000008001e0c                FDCAN2_IT1_IRQHandler
                0x0000000008001e0c                ETH_IRQHandler
                0x0000000008001e0c                TIM1_UP_IRQHandler
                0x0000000008001e0c                BDMA_Channel4_IRQHandler
                0x0000000008001e0c                OTG_HS_EP1_OUT_IRQHandler
                0x0000000008001e0c                WWDG_IRQHandler
                0x0000000008001e0c                SPI6_IRQHandler
                0x0000000008001e0c                MDIOS_IRQHandler
                0x0000000008001e0c                I2C4_EV_IRQHandler
                0x0000000008001e0c                FDCAN2_IT0_IRQHandler
                0x0000000008001e0c                LPUART1_IRQHandler
                0x0000000008001e0c                FDCAN1_IT0_IRQHandler
                0x0000000008001e0c                OTG_HS_IRQHandler
                0x0000000008001e0c                DMA2D_IRQHandler
                0x0000000008001e0c                TIM1_BRK_IRQHandler
                0x0000000008001e0c                EXTI1_IRQHandler
                0x0000000008001e0c                SDMMC2_IRQHandler
                0x0000000008001e0c                BDMA_Channel3_IRQHandler
                0x0000000008001e0c                DTS_IRQHandler
                0x0000000008001e0c                UART7_IRQHandler
                0x0000000008001e0c                MDIOS_WKUP_IRQHandler
                0x0000000008001e0c                USART2_IRQHandler
                0x0000000008001e0c                DFSDM1_FLT0_IRQHandler
                0x0000000008001e0c                SAI4_IRQHandler
                0x0000000008001e0c                I2C2_ER_IRQHandler
                0x0000000008001e0c                DMA2_Stream1_IRQHandler
                0x0000000008001e0c                FLASH_IRQHandler
                0x0000000008001e0c                DMA2_Stream4_IRQHandler
                0x0000000008001e0c                USART1_IRQHandler
                0x0000000008001e0c                SPI3_IRQHandler
                0x0000000008001e0c                WAKEUP_PIN_IRQHandler
                0x0000000008001e0c                DMA1_Stream4_IRQHandler
                0x0000000008001e0c                I2C1_ER_IRQHandler
                0x0000000008001e0c                FMC_IRQHandler
                0x0000000008001e0c                FDCAN_CAL_IRQHandler
                0x0000000008001e0c                SWPMI1_IRQHandler
                0x0000000008001e0c                COMP1_IRQHandler
                0x0000000008001e0c                LPTIM1_IRQHandler
                0x0000000008001e0c                DCMI_PSSI_IRQHandler
                0x0000000008001e0c                I2C4_ER_IRQHandler
                0x0000000008001e0c                DMA2_Stream6_IRQHandler
                0x0000000008001e0c                SAI1_IRQHandler
                0x0000000008001e0c                DMA1_Stream3_IRQHandler
 *fill*         0x0000000008001e0e        0x2 
 .text.HAL_Init
                0x0000000008001e10       0x78 ./Drivers/STM32H7xx_HAL_Driver/Src/stm32h7xx_hal.o
                0x0000000008001e10                HAL_Init
 .text.HAL_InitTick
                0x0000000008001e88       0x6c ./Drivers/STM32H7xx_HAL_Driver/Src/stm32h7xx_hal.o
                0x0000000008001e88                HAL_InitTick
 .text.HAL_IncTick
                0x0000000008001ef4       0x28 ./Drivers/STM32H7xx_HAL_Driver/Src/stm32h7xx_hal.o
                0x0000000008001ef4                HAL_IncTick
 .text.HAL_GetTick
                0x0000000008001f1c       0x18 ./Drivers/STM32H7xx_HAL_Driver/Src/stm32h7xx_hal.o
                0x0000000008001f1c                HAL_GetTick
 .text.__NVIC_SetPriorityGrouping
                0x0000000008001f34       0x48 ./Drivers/STM32H7xx_HAL_Driver/Src/stm32h7xx_hal_cortex.o
 .text.__NVIC_GetPriorityGrouping
                0x0000000008001f7c       0x1c ./Drivers/STM32H7xx_HAL_Driver/Src/stm32h7xx_hal_cortex.o
 .text.__NVIC_EnableIRQ
                0x0000000008001f98       0x3c ./Drivers/STM32H7xx_HAL_Driver/Src/stm32h7xx_hal_cortex.o
 .text.__NVIC_SetPriority
                0x0000000008001fd4       0x54 ./Drivers/STM32H7xx_HAL_Driver/Src/stm32h7xx_hal_cortex.o
 .text.NVIC_EncodePriority
                0x0000000008002028       0x66 ./Drivers/STM32H7xx_HAL_Driver/Src/stm32h7xx_hal_cortex.o
 *fill*         0x000000000800208e        0x2 
 .text.SysTick_Config
                0x0000000008002090       0x44 ./Drivers/STM32H7xx_HAL_Driver/Src/stm32h7xx_hal_cortex.o
 .text.HAL_NVIC_SetPriorityGrouping
                0x00000000080020d4       0x16 ./Drivers/STM32H7xx_HAL_Driver/Src/stm32h7xx_hal_cortex.o
                0x00000000080020d4                HAL_NVIC_SetPriorityGrouping
 .text.HAL_NVIC_SetPriority
                0x00000000080020ea       0x34 ./Drivers/STM32H7xx_HAL_Driver/Src/stm32h7xx_hal_cortex.o
                0x00000000080020ea                HAL_NVIC_SetPriority
 .text.HAL_NVIC_EnableIRQ
                0x000000000800211e       0x1c ./Drivers/STM32H7xx_HAL_Driver/Src/stm32h7xx_hal_cortex.o
                0x000000000800211e                HAL_NVIC_EnableIRQ
 .text.HAL_SYSTICK_Config
                0x000000000800213a       0x18 ./Drivers/STM32H7xx_HAL_Driver/Src/stm32h7xx_hal_cortex.o
                0x000000000800213a                HAL_SYSTICK_Config
 *fill*         0x0000000008002152        0x2 
 .text.HAL_GPIO_Init
                0x0000000008002154      0x350 ./Drivers/STM32H7xx_HAL_Driver/Src/stm32h7xx_hal_gpio.o
                0x0000000008002154                HAL_GPIO_Init
 .text.HAL_GPIO_WritePin
                0x00000000080024a4       0x32 ./Drivers/STM32H7xx_HAL_Driver/Src/stm32h7xx_hal_gpio.o
                0x00000000080024a4                HAL_GPIO_WritePin
 .text.HAL_GPIO_EXTI_IRQHandler
                0x00000000080024d6       0x34 ./Drivers/STM32H7xx_HAL_Driver/Src/stm32h7xx_hal_gpio.o
                0x00000000080024d6                HAL_GPIO_EXTI_IRQHandler
 .text.HAL_GPIO_EXTI_Callback
                0x000000000800250a       0x16 ./Drivers/STM32H7xx_HAL_Driver/Src/stm32h7xx_hal_gpio.o
                0x000000000800250a                HAL_GPIO_EXTI_Callback
 .text.HAL_PWREx_ConfigSupply
                0x0000000008002520       0x74 ./Drivers/STM32H7xx_HAL_Driver/Src/stm32h7xx_hal_pwr_ex.o
                0x0000000008002520                HAL_PWREx_ConfigSupply
 .text.HAL_RCC_OscConfig
                0x0000000008002594      0x758 ./Drivers/STM32H7xx_HAL_Driver/Src/stm32h7xx_hal_rcc.o
                0x0000000008002594                HAL_RCC_OscConfig
 .text.HAL_RCC_ClockConfig
                0x0000000008002cec      0x36c ./Drivers/STM32H7xx_HAL_Driver/Src/stm32h7xx_hal_rcc.o
                0x0000000008002cec                HAL_RCC_ClockConfig
 .text.HAL_RCC_GetSysClockFreq
                0x0000000008003058      0x2f4 ./Drivers/STM32H7xx_HAL_Driver/Src/stm32h7xx_hal_rcc.o
                0x0000000008003058                HAL_RCC_GetSysClockFreq
 .text.HAL_RCC_GetHCLKFreq
                0x000000000800334c       0x60 ./Drivers/STM32H7xx_HAL_Driver/Src/stm32h7xx_hal_rcc.o
                0x000000000800334c                HAL_RCC_GetHCLKFreq
 .text.HAL_RCC_GetPCLK1Freq
                0x00000000080033ac       0x2c ./Drivers/STM32H7xx_HAL_Driver/Src/stm32h7xx_hal_rcc.o
                0x00000000080033ac                HAL_RCC_GetPCLK1Freq
 .text.HAL_RCC_GetPCLK2Freq
                0x00000000080033d8       0x2c ./Drivers/STM32H7xx_HAL_Driver/Src/stm32h7xx_hal_rcc.o
                0x00000000080033d8                HAL_RCC_GetPCLK2Freq
 .text.HAL_RCCEx_PeriphCLKConfig
                0x0000000008003404      0xdf4 ./Drivers/STM32H7xx_HAL_Driver/Src/stm32h7xx_hal_rcc_ex.o
                0x0000000008003404                HAL_RCCEx_PeriphCLKConfig
 .text.HAL_RCCEx_GetD3PCLK1Freq
                0x00000000080041f8       0x2c ./Drivers/STM32H7xx_HAL_Driver/Src/stm32h7xx_hal_rcc_ex.o
                0x00000000080041f8                HAL_RCCEx_GetD3PCLK1Freq
 .text.HAL_RCCEx_GetPLL2ClockFreq
                0x0000000008004224      0x2a8 ./Drivers/STM32H7xx_HAL_Driver/Src/stm32h7xx_hal_rcc_ex.o
                0x0000000008004224                HAL_RCCEx_GetPLL2ClockFreq
 .text.HAL_RCCEx_GetPLL3ClockFreq
                0x00000000080044cc      0x2a8 ./Drivers/STM32H7xx_HAL_Driver/Src/stm32h7xx_hal_rcc_ex.o
                0x00000000080044cc                HAL_RCCEx_GetPLL3ClockFreq
 .text.RCCEx_PLL2_Config
                0x0000000008004774      0x164 ./Drivers/STM32H7xx_HAL_Driver/Src/stm32h7xx_hal_rcc_ex.o
 .text.RCCEx_PLL3_Config
                0x00000000080048d8      0x164 ./Drivers/STM32H7xx_HAL_Driver/Src/stm32h7xx_hal_rcc_ex.o
 .text.HAL_TIM_Base_Init
                0x0000000008004a3c       0xae ./Drivers/STM32H7xx_HAL_Driver/Src/stm32h7xx_hal_tim.o
                0x0000000008004a3c                HAL_TIM_Base_Init
 *fill*         0x0000000008004aea        0x2 
 .text.HAL_TIM_Base_Start_IT
                0x0000000008004aec      0x10c ./Drivers/STM32H7xx_HAL_Driver/Src/stm32h7xx_hal_tim.o
                0x0000000008004aec                HAL_TIM_Base_Start_IT
 .text.HAL_TIM_PWM_Init
                0x0000000008004bf8       0xae ./Drivers/STM32H7xx_HAL_Driver/Src/stm32h7xx_hal_tim.o
                0x0000000008004bf8                HAL_TIM_PWM_Init
 .text.HAL_TIM_PWM_MspInit
                0x0000000008004ca6       0x14 ./Drivers/STM32H7xx_HAL_Driver/Src/stm32h7xx_hal_tim.o
                0x0000000008004ca6                HAL_TIM_PWM_MspInit
 *fill*         0x0000000008004cba        0x2 
 .text.HAL_TIM_PWM_Start
                0x0000000008004cbc      0x238 ./Drivers/STM32H7xx_HAL_Driver/Src/stm32h7xx_hal_tim.o
                0x0000000008004cbc                HAL_TIM_PWM_Start
 .text.HAL_TIM_IC_Init
                0x0000000008004ef4       0xae ./Drivers/STM32H7xx_HAL_Driver/Src/stm32h7xx_hal_tim.o
                0x0000000008004ef4                HAL_TIM_IC_Init
 .text.HAL_TIM_IC_MspInit
                0x0000000008004fa2       0x14 ./Drivers/STM32H7xx_HAL_Driver/Src/stm32h7xx_hal_tim.o
                0x0000000008004fa2                HAL_TIM_IC_MspInit
 *fill*         0x0000000008004fb6        0x2 
 .text.HAL_TIM_IC_Start
                0x0000000008004fb8      0x224 ./Drivers/STM32H7xx_HAL_Driver/Src/stm32h7xx_hal_tim.o
                0x0000000008004fb8                HAL_TIM_IC_Start
 .text.HAL_TIM_Encoder_Init
                0x00000000080051dc      0x14c ./Drivers/STM32H7xx_HAL_Driver/Src/stm32h7xx_hal_tim.o
                0x00000000080051dc                HAL_TIM_Encoder_Init
 .text.HAL_TIM_Encoder_Start
                0x0000000008005328      0x11c ./Drivers/STM32H7xx_HAL_Driver/Src/stm32h7xx_hal_tim.o
                0x0000000008005328                HAL_TIM_Encoder_Start
 .text.HAL_TIM_IRQHandler
                0x0000000008005444      0x23e ./Drivers/STM32H7xx_HAL_Driver/Src/stm32h7xx_hal_tim.o
                0x0000000008005444                HAL_TIM_IRQHandler
 .text.HAL_TIM_IC_ConfigChannel
                0x0000000008005682      0x138 ./Drivers/STM32H7xx_HAL_Driver/Src/stm32h7xx_hal_tim.o
                0x0000000008005682                HAL_TIM_IC_ConfigChannel
 *fill*         0x00000000080057ba        0x2 
 .text.HAL_TIM_PWM_ConfigChannel
                0x00000000080057bc      0x228 ./Drivers/STM32H7xx_HAL_Driver/Src/stm32h7xx_hal_tim.o
                0x00000000080057bc                HAL_TIM_PWM_ConfigChannel
 .text.HAL_TIM_ConfigClockSource
                0x00000000080059e4      0x1f0 ./Drivers/STM32H7xx_HAL_Driver/Src/stm32h7xx_hal_tim.o
                0x00000000080059e4                HAL_TIM_ConfigClockSource
 .text.HAL_TIM_OC_DelayElapsedCallback
                0x0000000008005bd4       0x14 ./Drivers/STM32H7xx_HAL_Driver/Src/stm32h7xx_hal_tim.o
                0x0000000008005bd4                HAL_TIM_OC_DelayElapsedCallback
 .text.HAL_TIM_IC_CaptureCallback
                0x0000000008005be8       0x14 ./Drivers/STM32H7xx_HAL_Driver/Src/stm32h7xx_hal_tim.o
                0x0000000008005be8                HAL_TIM_IC_CaptureCallback
 .text.HAL_TIM_PWM_PulseFinishedCallback
                0x0000000008005bfc       0x14 ./Drivers/STM32H7xx_HAL_Driver/Src/stm32h7xx_hal_tim.o
                0x0000000008005bfc                HAL_TIM_PWM_PulseFinishedCallback
 .text.HAL_TIM_TriggerCallback
                0x0000000008005c10       0x14 ./Drivers/STM32H7xx_HAL_Driver/Src/stm32h7xx_hal_tim.o
                0x0000000008005c10                HAL_TIM_TriggerCallback
 .text.TIM_Base_SetConfig
                0x0000000008005c24      0x14c ./Drivers/STM32H7xx_HAL_Driver/Src/stm32h7xx_hal_tim.o
                0x0000000008005c24                TIM_Base_SetConfig
 .text.TIM_OC1_SetConfig
                0x0000000008005d70      0x120 ./Drivers/STM32H7xx_HAL_Driver/Src/stm32h7xx_hal_tim.o
 .text.TIM_OC2_SetConfig
                0x0000000008005e90      0x114 ./Drivers/STM32H7xx_HAL_Driver/Src/stm32h7xx_hal_tim.o
                0x0000000008005e90                TIM_OC2_SetConfig
 .text.TIM_OC3_SetConfig
                0x0000000008005fa4      0x110 ./Drivers/STM32H7xx_HAL_Driver/Src/stm32h7xx_hal_tim.o
 .text.TIM_OC4_SetConfig
                0x00000000080060b4       0xd4 ./Drivers/STM32H7xx_HAL_Driver/Src/stm32h7xx_hal_tim.o
 .text.TIM_OC5_SetConfig
                0x0000000008006188       0xc8 ./Drivers/STM32H7xx_HAL_Driver/Src/stm32h7xx_hal_tim.o
 .text.TIM_OC6_SetConfig
                0x0000000008006250       0xcc ./Drivers/STM32H7xx_HAL_Driver/Src/stm32h7xx_hal_tim.o
 .text.TIM_TI1_SetConfig
                0x000000000800631c      0x100 ./Drivers/STM32H7xx_HAL_Driver/Src/stm32h7xx_hal_tim.o
                0x000000000800631c                TIM_TI1_SetConfig
 .text.TIM_TI1_ConfigInputStage
                0x000000000800641c       0x5e ./Drivers/STM32H7xx_HAL_Driver/Src/stm32h7xx_hal_tim.o
 .text.TIM_TI2_SetConfig
                0x000000000800647a       0x7a ./Drivers/STM32H7xx_HAL_Driver/Src/stm32h7xx_hal_tim.o
 .text.TIM_TI2_ConfigInputStage
                0x00000000080064f4       0x60 ./Drivers/STM32H7xx_HAL_Driver/Src/stm32h7xx_hal_tim.o
 .text.TIM_TI3_SetConfig
                0x0000000008006554       0x78 ./Drivers/STM32H7xx_HAL_Driver/Src/stm32h7xx_hal_tim.o
 .text.TIM_TI4_SetConfig
                0x00000000080065cc       0x7a ./Drivers/STM32H7xx_HAL_Driver/Src/stm32h7xx_hal_tim.o
 *fill*         0x0000000008006646        0x2 
 .text.TIM_ITRx_SetConfig
                0x0000000008006648       0x3c ./Drivers/STM32H7xx_HAL_Driver/Src/stm32h7xx_hal_tim.o
 .text.TIM_ETR_SetConfig
                0x0000000008006684       0x40 ./Drivers/STM32H7xx_HAL_Driver/Src/stm32h7xx_hal_tim.o
                0x0000000008006684                TIM_ETR_SetConfig
 .text.TIM_CCxChannelCmd
                0x00000000080066c4       0x4a ./Drivers/STM32H7xx_HAL_Driver/Src/stm32h7xx_hal_tim.o
                0x00000000080066c4                TIM_CCxChannelCmd
 *fill*         0x000000000800670e        0x2 
 .text.HAL_TIMEx_MasterConfigSynchronization
                0x0000000008006710      0x138 ./Drivers/STM32H7xx_HAL_Driver/Src/stm32h7xx_hal_tim_ex.o
                0x0000000008006710                HAL_TIMEx_MasterConfigSynchronization
 .text.HAL_TIMEx_CommutCallback
                0x0000000008006848       0x14 ./Drivers/STM32H7xx_HAL_Driver/Src/stm32h7xx_hal_tim_ex.o
                0x0000000008006848                HAL_TIMEx_CommutCallback
 .text.HAL_TIMEx_BreakCallback
                0x000000000800685c       0x14 ./Drivers/STM32H7xx_HAL_Driver/Src/stm32h7xx_hal_tim_ex.o
                0x000000000800685c                HAL_TIMEx_BreakCallback
 .text.HAL_TIMEx_Break2Callback
                0x0000000008006870       0x14 ./Drivers/STM32H7xx_HAL_Driver/Src/stm32h7xx_hal_tim_ex.o
                0x0000000008006870                HAL_TIMEx_Break2Callback
 .text.HAL_UART_Init
                0x0000000008006884       0xa0 ./Drivers/STM32H7xx_HAL_Driver/Src/stm32h7xx_hal_uart.o
                0x0000000008006884                HAL_UART_Init
 .text.UART_SetConfig
                0x0000000008006924      0xcbc ./Drivers/STM32H7xx_HAL_Driver/Src/stm32h7xx_hal_uart.o
                0x0000000008006924                UART_SetConfig
 .text.UART_AdvFeatureConfig
                0x00000000080075e0      0x144 ./Drivers/STM32H7xx_HAL_Driver/Src/stm32h7xx_hal_uart.o
                0x00000000080075e0                UART_AdvFeatureConfig
 .text.UART_CheckIdleState
                0x0000000008007724       0x96 ./Drivers/STM32H7xx_HAL_Driver/Src/stm32h7xx_hal_uart.o
                0x0000000008007724                UART_CheckIdleState
 .text.UART_WaitOnFlagUntilTimeout
                0x00000000080077ba      0x190 ./Drivers/STM32H7xx_HAL_Driver/Src/stm32h7xx_hal_uart.o
                0x00000000080077ba                UART_WaitOnFlagUntilTimeout
 .text.HAL_UARTEx_DisableFifoMode
                0x000000000800794a       0x72 ./Drivers/STM32H7xx_HAL_Driver/Src/stm32h7xx_hal_uart_ex.o
                0x000000000800794a                HAL_UARTEx_DisableFifoMode
 .text.HAL_UARTEx_SetTxFifoThreshold
                0x00000000080079bc       0x7c ./Drivers/STM32H7xx_HAL_Driver/Src/stm32h7xx_hal_uart_ex.o
                0x00000000080079bc                HAL_UARTEx_SetTxFifoThreshold
 .text.HAL_UARTEx_SetRxFifoThreshold
                0x0000000008007a38       0x7c ./Drivers/STM32H7xx_HAL_Driver/Src/stm32h7xx_hal_uart_ex.o
                0x0000000008007a38                HAL_UARTEx_SetRxFifoThreshold
 .text.UARTEx_SetNbDataToProcess
                0x0000000008007ab4       0x9c ./Drivers/STM32H7xx_HAL_Driver/Src/stm32h7xx_hal_uart_ex.o
 .text.__libc_init_array
                0x0000000008007b50       0x48 c:/st/stm32cubeide_1.7.0/stm32cubeide/plugins/com.st.stm32cube.ide.mcu.externaltools.gnu-tools-for-stm32.9-2020-q2-update.win32_2.0.0.202105311346/tools/bin/../lib/gcc/arm-none-eabi/9.3.1/../../../../arm-none-eabi/lib/thumb/v7e-m+dp/hard\libc_nano.a(lib_a-init.o)
                0x0000000008007b50                __libc_init_array
 .text.memset   0x0000000008007b98       0x10 c:/st/stm32cubeide_1.7.0/stm32cubeide/plugins/com.st.stm32cube.ide.mcu.externaltools.gnu-tools-for-stm32.9-2020-q2-update.win32_2.0.0.202105311346/tools/bin/../lib/gcc/arm-none-eabi/9.3.1/../../../../arm-none-eabi/lib/thumb/v7e-m+dp/hard\libc_nano.a(lib_a-memset.o)
                0x0000000008007b98                memset
 *(.glue_7)
 .glue_7        0x0000000008007ba8        0x0 linker stubs
 *(.glue_7t)
 .glue_7t       0x0000000008007ba8        0x0 linker stubs
 *(.eh_frame)
 .eh_frame      0x0000000008007ba8        0x0 c:/st/stm32cubeide_1.7.0/stm32cubeide/plugins/com.st.stm32cube.ide.mcu.externaltools.gnu-tools-for-stm32.9-2020-q2-update.win32_2.0.0.202105311346/tools/bin/../lib/gcc/arm-none-eabi/9.3.1/thumb/v7e-m+dp/hard/crtbegin.o
 *(.init)
 .init          0x0000000008007ba8        0x4 c:/st/stm32cubeide_1.7.0/stm32cubeide/plugins/com.st.stm32cube.ide.mcu.externaltools.gnu-tools-for-stm32.9-2020-q2-update.win32_2.0.0.202105311346/tools/bin/../lib/gcc/arm-none-eabi/9.3.1/thumb/v7e-m+dp/hard/crti.o
                0x0000000008007ba8                _init
 .init          0x0000000008007bac        0x8 c:/st/stm32cubeide_1.7.0/stm32cubeide/plugins/com.st.stm32cube.ide.mcu.externaltools.gnu-tools-for-stm32.9-2020-q2-update.win32_2.0.0.202105311346/tools/bin/../lib/gcc/arm-none-eabi/9.3.1/thumb/v7e-m+dp/hard/crtn.o
 *(.fini)
 .fini          0x0000000008007bb4        0x4 c:/st/stm32cubeide_1.7.0/stm32cubeide/plugins/com.st.stm32cube.ide.mcu.externaltools.gnu-tools-for-stm32.9-2020-q2-update.win32_2.0.0.202105311346/tools/bin/../lib/gcc/arm-none-eabi/9.3.1/thumb/v7e-m+dp/hard/crti.o
                0x0000000008007bb4                _fini
 .fini          0x0000000008007bb8        0x8 c:/st/stm32cubeide_1.7.0/stm32cubeide/plugins/com.st.stm32cube.ide.mcu.externaltools.gnu-tools-for-stm32.9-2020-q2-update.win32_2.0.0.202105311346/tools/bin/../lib/gcc/arm-none-eabi/9.3.1/thumb/v7e-m+dp/hard/crtn.o
                0x0000000008007bc0                . = ALIGN (0x4)
                0x0000000008007bc0                _etext = .

.vfp11_veneer   0x0000000008007bc0        0x0
 .vfp11_veneer  0x0000000008007bc0        0x0 linker stubs

.v4_bx          0x0000000008007bc0        0x0
 .v4_bx         0x0000000008007bc0        0x0 linker stubs

.iplt           0x0000000008007bc0        0x0
 .iplt          0x0000000008007bc0        0x0 c:/st/stm32cubeide_1.7.0/stm32cubeide/plugins/com.st.stm32cube.ide.mcu.externaltools.gnu-tools-for-stm32.9-2020-q2-update.win32_2.0.0.202105311346/tools/bin/../lib/gcc/arm-none-eabi/9.3.1/thumb/v7e-m+dp/hard/crtbegin.o

.rodata         0x0000000008007bc0       0x38
                0x0000000008007bc0                . = ALIGN (0x4)
 *(.rodata)
 *(.rodata*)
 .rodata.D1CorePrescTable
                0x0000000008007bc0       0x10 ./Core/Src/system_stm32h7xx.o
                0x0000000008007bc0                D1CorePrescTable
 .rodata.UARTPrescTable
                0x0000000008007bd0       0x18 ./Drivers/STM32H7xx_HAL_Driver/Src/stm32h7xx_hal_uart.o
                0x0000000008007bd0                UARTPrescTable
 .rodata.numerator.10972
                0x0000000008007be8        0x8 ./Drivers/STM32H7xx_HAL_Driver/Src/stm32h7xx_hal_uart_ex.o
 .rodata.denominator.10973
                0x0000000008007bf0        0x8 ./Drivers/STM32H7xx_HAL_Driver/Src/stm32h7xx_hal_uart_ex.o
                0x0000000008007bf8                . = ALIGN (0x4)

.ARM.extab
 *(.ARM.extab* .gnu.linkonce.armextab.*)

.ARM            0x0000000008007bf8        0x8
                0x0000000008007bf8                __exidx_start = .
 *(.ARM.exidx*)
 .ARM.exidx     0x0000000008007bf8        0x8 c:/st/stm32cubeide_1.7.0/stm32cubeide/plugins/com.st.stm32cube.ide.mcu.externaltools.gnu-tools-for-stm32.9-2020-q2-update.win32_2.0.0.202105311346/tools/bin/../lib/gcc/arm-none-eabi/9.3.1/thumb/v7e-m+dp/hard\libgcc.a(_udivmoddi4.o)
                0x0000000008007c00                __exidx_end = .

.rel.dyn        0x0000000008007c00        0x0
 .rel.iplt      0x0000000008007c00        0x0 c:/st/stm32cubeide_1.7.0/stm32cubeide/plugins/com.st.stm32cube.ide.mcu.externaltools.gnu-tools-for-stm32.9-2020-q2-update.win32_2.0.0.202105311346/tools/bin/../lib/gcc/arm-none-eabi/9.3.1/thumb/v7e-m+dp/hard/crtbegin.o

.preinit_array  0x0000000008007c00        0x0
                0x0000000008007c00                PROVIDE (__preinit_array_start = .)
 *(.preinit_array*)
                0x0000000008007c00                PROVIDE (__preinit_array_end = .)

.init_array     0x0000000008007c00        0x4
                0x0000000008007c00                PROVIDE (__init_array_start = .)
 *(SORT_BY_NAME(.init_array.*))
 *(.init_array*)
 .init_array    0x0000000008007c00        0x4 c:/st/stm32cubeide_1.7.0/stm32cubeide/plugins/com.st.stm32cube.ide.mcu.externaltools.gnu-tools-for-stm32.9-2020-q2-update.win32_2.0.0.202105311346/tools/bin/../lib/gcc/arm-none-eabi/9.3.1/thumb/v7e-m+dp/hard/crtbegin.o
                0x0000000008007c04                PROVIDE (__init_array_end = .)

.fini_array     0x0000000008007c04        0x4
                [!provide]                        PROVIDE (__fini_array_start = .)
 *(SORT_BY_NAME(.fini_array.*))
 *(.fini_array*)
 .fini_array    0x0000000008007c04        0x4 c:/st/stm32cubeide_1.7.0/stm32cubeide/plugins/com.st.stm32cube.ide.mcu.externaltools.gnu-tools-for-stm32.9-2020-q2-update.win32_2.0.0.202105311346/tools/bin/../lib/gcc/arm-none-eabi/9.3.1/thumb/v7e-m+dp/hard/crtbegin.o
                [!provide]                        PROVIDE (__fini_array_end = .)
                0x0000000008007c08                _sidata = LOADADDR (.data)

.data           0x0000000024000000       0x34 load address 0x0000000008007c08
                0x0000000024000000                . = ALIGN (0x4)
                0x0000000024000000                _sdata = .
 *(.data)
 *(.data*)
 .data.diff     0x0000000024000000        0x4 ./Core/Src/main.o
                0x0000000024000000                diff
 .data.ARR_Val  0x0000000024000004        0x4 ./Core/Src/main.o
                0x0000000024000004                ARR_Val
 .data.flag     0x0000000024000008        0x4 ./Core/Src/main.o
                0x0000000024000008                flag
 .data.Kp       0x000000002400000c        0x4 ./Core/Src/main.o
                0x000000002400000c                Kp
 .data.Ki       0x0000000024000010        0x4 ./Core/Src/main.o
                0x0000000024000010                Ki
 .data.Kd       0x0000000024000014        0x4 ./Core/Src/main.o
                0x0000000024000014                Kd
 .data.taux     0x0000000024000018        0x4 ./Core/Src/main.o
                0x0000000024000018                taux
 .data.pulses_d
                0x000000002400001c        0x4 ./Core/Src/main.o
                0x000000002400001c                pulses_d
 .data.Kd1      0x0000000024000020        0x4 ./Core/Src/main.o
                0x0000000024000020                Kd1
 .data.SystemCoreClock
                0x0000000024000024        0x4 ./Core/Src/system_stm32h7xx.o
                0x0000000024000024                SystemCoreClock
 .data.SystemD2Clock
                0x0000000024000028        0x4 ./Core/Src/system_stm32h7xx.o
                0x0000000024000028                SystemD2Clock
 .data.uwTickPrio
                0x000000002400002c        0x4 ./Drivers/STM32H7xx_HAL_Driver/Src/stm32h7xx_hal.o
                0x000000002400002c                uwTickPrio
 .data.uwTickFreq
                0x0000000024000030        0x1 ./Drivers/STM32H7xx_HAL_Driver/Src/stm32h7xx_hal.o
                0x0000000024000030                uwTickFreq
 *(.RamFunc)
 *(.RamFunc*)
                0x0000000024000034                . = ALIGN (0x4)
 *fill*         0x0000000024000031        0x3 
                0x0000000024000034                _edata = .

.igot.plt       0x0000000024000034        0x0 load address 0x0000000008007c3c
 .igot.plt      0x0000000024000034        0x0 c:/st/stm32cubeide_1.7.0/stm32cubeide/plugins/com.st.stm32cube.ide.mcu.externaltools.gnu-tools-for-stm32.9-2020-q2-update.win32_2.0.0.202105311346/tools/bin/../lib/gcc/arm-none-eabi/9.3.1/thumb/v7e-m+dp/hard/crtbegin.o
                0x0000000024000034                . = ALIGN (0x4)

.bss            0x0000000024000034      0x338 load address 0x0000000008007c3c
                0x0000000024000034                _sbss = .
                0x0000000024000034                __bss_start__ = _sbss
 *(.bss)
 .bss           0x0000000024000034       0x1c c:/st/stm32cubeide_1.7.0/stm32cubeide/plugins/com.st.stm32cube.ide.mcu.externaltools.gnu-tools-for-stm32.9-2020-q2-update.win32_2.0.0.202105311346/tools/bin/../lib/gcc/arm-none-eabi/9.3.1/thumb/v7e-m+dp/hard/crtbegin.o
 *(.bss*)
 .bss.Pulse_d   0x0000000024000050        0x4 ./Core/Src/main.o
                0x0000000024000050                Pulse_d
 .bss.Pulse_Inv
                0x0000000024000054        0x4 ./Core/Src/main.o
                0x0000000024000054                Pulse_Inv
 .bss.speed     0x0000000024000058        0x4 ./Core/Src/main.o
                0x0000000024000058                speed
 .bss.Pulses    0x000000002400005c        0x4 ./Core/Src/main.o
                0x000000002400005c                Pulses
 .bss.d         0x0000000024000060        0x4 ./Core/Src/main.o
                0x0000000024000060                d
 .bss.i         0x0000000024000064        0x4 ./Core/Src/main.o
                0x0000000024000064                i
 .bss.reset_d   0x0000000024000068        0x4 ./Core/Src/main.o
                0x0000000024000068                reset_d
 .bss.reset_inv
                0x000000002400006c        0x4 ./Core/Src/main.o
                0x000000002400006c                reset_inv
 .bss.offset_d  0x0000000024000070        0x4 ./Core/Src/main.o
                0x0000000024000070                offset_d
 .bss.offset_inv
                0x0000000024000074        0x4 ./Core/Src/main.o
                0x0000000024000074                offset_inv
 .bss.sum_inv   0x0000000024000078        0x4 ./Core/Src/main.o
                0x0000000024000078                sum_inv
 .bss.sum_d     0x000000002400007c        0x4 ./Core/Src/main.o
                0x000000002400007c                sum_d
 .bss.past_speed
                0x0000000024000080        0x4 ./Core/Src/main.o
                0x0000000024000080                past_speed
 .bss.sum_err   0x0000000024000084        0x4 ./Core/Src/main.o
                0x0000000024000084                sum_err
 .bss.diff_err  0x0000000024000088        0x4 ./Core/Src/main.o
                0x0000000024000088                diff_err
 .bss.err_past  0x000000002400008c        0x4 ./Core/Src/main.o
                0x000000002400008c                err_past
 .bss.DutyC     0x0000000024000090        0x4 ./Core/Src/main.o
                0x0000000024000090                DutyC
 .bss.v_flt_past
                0x0000000024000094        0x4 ./Core/Src/main.o
                0x0000000024000094                v_flt_past
 .bss.Kp1       0x0000000024000098        0x4 ./Core/Src/main.o
                0x0000000024000098                Kp1
 .bss.Ki1       0x000000002400009c        0x4 ./Core/Src/main.o
                0x000000002400009c                Ki1
 .bss.err_past_pos
                0x00000000240000a0        0x4 ./Core/Src/main.o
                0x00000000240000a0                err_past_pos
 *(COMMON)
 COMMON         0x00000000240000a4      0x2c4 ./Core/Src/main.o
                0x00000000240000a4                htim24
                0x00000000240000f0                htim8
                0x000000002400013c                htim4
                0x0000000024000188                huart3
                0x0000000024000218                DIR
                0x0000000024000219                ref
                0x000000002400021c                htim5
                0x0000000024000268                speed_d
                0x000000002400026c                htim3
                0x00000000240002b8                err_pos
                0x00000000240002bc                diff_err_pos
                0x00000000240002c0                v_flt
                0x00000000240002c4                err
                0x00000000240002c8                sum_err_pos
                0x00000000240002cc                ccr_reg
                0x00000000240002d0                htim2
                0x000000002400031c                htim23
 COMMON         0x0000000024000368        0x4 ./Drivers/STM32H7xx_HAL_Driver/Src/stm32h7xx_hal.o
                0x0000000024000368                uwTick
                0x000000002400036c                . = ALIGN (0x4)
                0x000000002400036c                _ebss = .
                0x000000002400036c                __bss_end__ = _ebss

._user_heap_stack
                0x000000002400036c      0x604 load address 0x0000000008007c3c
                0x0000000024000370                . = ALIGN (0x8)
 *fill*         0x000000002400036c        0x4 
                [!provide]                        PROVIDE (end = .)
                0x0000000024000370                PROVIDE (_end = .)
                0x0000000024000570                . = (. + _Min_Heap_Size)
 *fill*         0x0000000024000370      0x200 
                0x0000000024000970                . = (. + _Min_Stack_Size)
 *fill*         0x0000000024000570      0x400 
                0x0000000024000970                . = ALIGN (0x8)

/DISCARD/
 libc.a(*)
 libm.a(*)
 libgcc.a(*)

.ARM.attributes
                0x0000000000000000       0x2e
 *(.ARM.attributes)
 .ARM.attributes
                0x0000000000000000       0x1e c:/st/stm32cubeide_1.7.0/stm32cubeide/plugins/com.st.stm32cube.ide.mcu.externaltools.gnu-tools-for-stm32.9-2020-q2-update.win32_2.0.0.202105311346/tools/bin/../lib/gcc/arm-none-eabi/9.3.1/thumb/v7e-m+dp/hard/crti.o
 .ARM.attributes
                0x000000000000001e       0x32 c:/st/stm32cubeide_1.7.0/stm32cubeide/plugins/com.st.stm32cube.ide.mcu.externaltools.gnu-tools-for-stm32.9-2020-q2-update.win32_2.0.0.202105311346/tools/bin/../lib/gcc/arm-none-eabi/9.3.1/thumb/v7e-m+dp/hard/crtbegin.o
 .ARM.attributes
                0x0000000000000050       0x32 ./Core/Src/main.o
 .ARM.attributes
                0x0000000000000082       0x32 ./Core/Src/stm32h7xx_hal_msp.o
 .ARM.attributes
                0x00000000000000b4       0x32 ./Core/Src/stm32h7xx_it.o
 .ARM.attributes
                0x00000000000000e6       0x32 ./Core/Src/system_stm32h7xx.o
 .ARM.attributes
                0x0000000000000118       0x21 ./Core/Startup/startup_stm32h723zgtx.o
 .ARM.attributes
                0x0000000000000139       0x32 ./Drivers/STM32H7xx_HAL_Driver/Src/stm32h7xx_hal.o
 .ARM.attributes
                0x000000000000016b       0x32 ./Drivers/STM32H7xx_HAL_Driver/Src/stm32h7xx_hal_cortex.o
 .ARM.attributes
                0x000000000000019d       0x32 ./Drivers/STM32H7xx_HAL_Driver/Src/stm32h7xx_hal_gpio.o
 .ARM.attributes
                0x00000000000001cf       0x32 ./Drivers/STM32H7xx_HAL_Driver/Src/stm32h7xx_hal_pwr_ex.o
 .ARM.attributes
                0x0000000000000201       0x32 ./Drivers/STM32H7xx_HAL_Driver/Src/stm32h7xx_hal_rcc.o
 .ARM.attributes
                0x0000000000000233       0x32 ./Drivers/STM32H7xx_HAL_Driver/Src/stm32h7xx_hal_rcc_ex.o
 .ARM.attributes
                0x0000000000000265       0x32 ./Drivers/STM32H7xx_HAL_Driver/Src/stm32h7xx_hal_tim.o
 .ARM.attributes
                0x0000000000000297       0x32 ./Drivers/STM32H7xx_HAL_Driver/Src/stm32h7xx_hal_tim_ex.o
 .ARM.attributes
                0x00000000000002c9       0x32 ./Drivers/STM32H7xx_HAL_Driver/Src/stm32h7xx_hal_uart.o
 .ARM.attributes
                0x00000000000002fb       0x32 ./Drivers/STM32H7xx_HAL_Driver/Src/stm32h7xx_hal_uart_ex.o
 .ARM.attributes
                0x000000000000032d       0x32 c:/st/stm32cubeide_1.7.0/stm32cubeide/plugins/com.st.stm32cube.ide.mcu.externaltools.gnu-tools-for-stm32.9-2020-q2-update.win32_2.0.0.202105311346/tools/bin/../lib/gcc/arm-none-eabi/9.3.1/../../../../arm-none-eabi/lib/thumb/v7e-m+dp/hard\libc_nano.a(lib_a-init.o)
 .ARM.attributes
                0x000000000000035f       0x32 c:/st/stm32cubeide_1.7.0/stm32cubeide/plugins/com.st.stm32cube.ide.mcu.externaltools.gnu-tools-for-stm32.9-2020-q2-update.win32_2.0.0.202105311346/tools/bin/../lib/gcc/arm-none-eabi/9.3.1/../../../../arm-none-eabi/lib/thumb/v7e-m+dp/hard\libc_nano.a(lib_a-memset.o)
 .ARM.attributes
                0x0000000000000391       0x1e c:/st/stm32cubeide_1.7.0/stm32cubeide/plugins/com.st.stm32cube.ide.mcu.externaltools.gnu-tools-for-stm32.9-2020-q2-update.win32_2.0.0.202105311346/tools/bin/../lib/gcc/arm-none-eabi/9.3.1/thumb/v7e-m+dp/hard\libgcc.a(_aeabi_uldivmod.o)
 .ARM.attributes
                0x00000000000003af       0x32 c:/st/stm32cubeide_1.7.0/stm32cubeide/plugins/com.st.stm32cube.ide.mcu.externaltools.gnu-tools-for-stm32.9-2020-q2-update.win32_2.0.0.202105311346/tools/bin/../lib/gcc/arm-none-eabi/9.3.1/thumb/v7e-m+dp/hard\libgcc.a(_udivmoddi4.o)
 .ARM.attributes
                0x00000000000003e1       0x1e c:/st/stm32cubeide_1.7.0/stm32cubeide/plugins/com.st.stm32cube.ide.mcu.externaltools.gnu-tools-for-stm32.9-2020-q2-update.win32_2.0.0.202105311346/tools/bin/../lib/gcc/arm-none-eabi/9.3.1/thumb/v7e-m+dp/hard\libgcc.a(_dvmd_tls.o)
 .ARM.attributes
                0x00000000000003ff       0x1e c:/st/stm32cubeide_1.7.0/stm32cubeide/plugins/com.st.stm32cube.ide.mcu.externaltools.gnu-tools-for-stm32.9-2020-q2-update.win32_2.0.0.202105311346/tools/bin/../lib/gcc/arm-none-eabi/9.3.1/thumb/v7e-m+dp/hard/crtn.o
OUTPUT(DC_Control_Cascade.elf elf32-littlearm)
LOAD linker stubs
LOAD c:/st/stm32cubeide_1.7.0/stm32cubeide/plugins/com.st.stm32cube.ide.mcu.externaltools.gnu-tools-for-stm32.9-2020-q2-update.win32_2.0.0.202105311346/tools/bin/../lib/gcc/arm-none-eabi/9.3.1/../../../../arm-none-eabi/lib/thumb/v7e-m+dp/hard\libc.a
LOAD c:/st/stm32cubeide_1.7.0/stm32cubeide/plugins/com.st.stm32cube.ide.mcu.externaltools.gnu-tools-for-stm32.9-2020-q2-update.win32_2.0.0.202105311346/tools/bin/../lib/gcc/arm-none-eabi/9.3.1/../../../../arm-none-eabi/lib/thumb/v7e-m+dp/hard\libm.a
LOAD c:/st/stm32cubeide_1.7.0/stm32cubeide/plugins/com.st.stm32cube.ide.mcu.externaltools.gnu-tools-for-stm32.9-2020-q2-update.win32_2.0.0.202105311346/tools/bin/../lib/gcc/arm-none-eabi/9.3.1/thumb/v7e-m+dp/hard\libgcc.a

.debug_info     0x0000000000000000    0x1e3cc
 .debug_info    0x0000000000000000     0x296f ./Core/Src/main.o
 .debug_info    0x000000000000296f     0x23a4 ./Core/Src/stm32h7xx_hal_msp.o
 .debug_info    0x0000000000004d13     0x133e ./Core/Src/stm32h7xx_it.o
 .debug_info    0x0000000000006051     0x15c5 ./Core/Src/system_stm32h7xx.o
 .debug_info    0x0000000000007616       0x22 ./Core/Startup/startup_stm32h723zgtx.o
 .debug_info    0x0000000000007638     0x210c ./Drivers/STM32H7xx_HAL_Driver/Src/stm32h7xx_hal.o
 .debug_info    0x0000000000009744     0x1c07 ./Drivers/STM32H7xx_HAL_Driver/Src/stm32h7xx_hal_cortex.o
 .debug_info    0x000000000000b34b     0x17f5 ./Drivers/STM32H7xx_HAL_Driver/Src/stm32h7xx_hal_gpio.o
 .debug_info    0x000000000000cb40     0x1919 ./Drivers/STM32H7xx_HAL_Driver/Src/stm32h7xx_hal_pwr_ex.o
 .debug_info    0x000000000000e459     0x185e ./Drivers/STM32H7xx_HAL_Driver/Src/stm32h7xx_hal_rcc.o
 .debug_info    0x000000000000fcb7     0x1ce5 ./Drivers/STM32H7xx_HAL_Driver/Src/stm32h7xx_hal_rcc_ex.o
 .debug_info    0x000000000001199c     0x37ca ./Drivers/STM32H7xx_HAL_Driver/Src/stm32h7xx_hal_tim.o
 .debug_info    0x0000000000015166     0x2333 ./Drivers/STM32H7xx_HAL_Driver/Src/stm32h7xx_hal_tim_ex.o
 .debug_info    0x0000000000017499     0x558a ./Drivers/STM32H7xx_HAL_Driver/Src/stm32h7xx_hal_uart.o
 .debug_info    0x000000000001ca23     0x19a9 ./Drivers/STM32H7xx_HAL_Driver/Src/stm32h7xx_hal_uart_ex.o

.debug_abbrev   0x0000000000000000     0x2a86
 .debug_abbrev  0x0000000000000000      0x352 ./Core/Src/main.o
 .debug_abbrev  0x0000000000000352      0x2a7 ./Core/Src/stm32h7xx_hal_msp.o
 .debug_abbrev  0x00000000000005f9      0x211 ./Core/Src/stm32h7xx_it.o
 .debug_abbrev  0x000000000000080a      0x251 ./Core/Src/system_stm32h7xx.o
 .debug_abbrev  0x0000000000000a5b       0x12 ./Core/Startup/startup_stm32h723zgtx.o
 .debug_abbrev  0x0000000000000a6d      0x324 ./Drivers/STM32H7xx_HAL_Driver/Src/stm32h7xx_hal.o
 .debug_abbrev  0x0000000000000d91      0x409 ./Drivers/STM32H7xx_HAL_Driver/Src/stm32h7xx_hal_cortex.o
 .debug_abbrev  0x000000000000119a      0x2cb ./Drivers/STM32H7xx_HAL_Driver/Src/stm32h7xx_hal_gpio.o
 .debug_abbrev  0x0000000000001465      0x33f ./Drivers/STM32H7xx_HAL_Driver/Src/stm32h7xx_hal_pwr_ex.o
 .debug_abbrev  0x00000000000017a4      0x311 ./Drivers/STM32H7xx_HAL_Driver/Src/stm32h7xx_hal_rcc.o
 .debug_abbrev  0x0000000000001ab5      0x31d ./Drivers/STM32H7xx_HAL_Driver/Src/stm32h7xx_hal_rcc_ex.o
 .debug_abbrev  0x0000000000001dd2      0x2f9 ./Drivers/STM32H7xx_HAL_Driver/Src/stm32h7xx_hal_tim.o
 .debug_abbrev  0x00000000000020cb      0x301 ./Drivers/STM32H7xx_HAL_Driver/Src/stm32h7xx_hal_tim_ex.o
 .debug_abbrev  0x00000000000023cc      0x37d ./Drivers/STM32H7xx_HAL_Driver/Src/stm32h7xx_hal_uart.o
 .debug_abbrev  0x0000000000002749      0x33d ./Drivers/STM32H7xx_HAL_Driver/Src/stm32h7xx_hal_uart_ex.o

.debug_aranges  0x0000000000000000     0x1018
 .debug_aranges
                0x0000000000000000       0x88 ./Core/Src/main.o
 .debug_aranges
                0x0000000000000088       0x58 ./Core/Src/stm32h7xx_hal_msp.o
 .debug_aranges
                0x00000000000000e0       0x80 ./Core/Src/stm32h7xx_it.o
 .debug_aranges
                0x0000000000000160       0x28 ./Core/Src/system_stm32h7xx.o
 .debug_aranges
                0x0000000000000188       0x28 ./Core/Startup/startup_stm32h723zgtx.o
 .debug_aranges
                0x00000000000001b0      0x1c8 ./Drivers/STM32H7xx_HAL_Driver/Src/stm32h7xx_hal.o
 .debug_aranges
                0x0000000000000378      0x120 ./Drivers/STM32H7xx_HAL_Driver/Src/stm32h7xx_hal_cortex.o
 .debug_aranges
                0x0000000000000498       0x58 ./Drivers/STM32H7xx_HAL_Driver/Src/stm32h7xx_hal_gpio.o
 .debug_aranges
                0x00000000000004f0      0x148 ./Drivers/STM32H7xx_HAL_Driver/Src/stm32h7xx_hal_pwr_ex.o
 .debug_aranges
                0x0000000000000638       0x88 ./Drivers/STM32H7xx_HAL_Driver/Src/stm32h7xx_hal_rcc.o
 .debug_aranges
                0x00000000000006c0       0xf8 ./Drivers/STM32H7xx_HAL_Driver/Src/stm32h7xx_hal_rcc_ex.o
 .debug_aranges
                0x00000000000007b8      0x3e0 ./Drivers/STM32H7xx_HAL_Driver/Src/stm32h7xx_hal_tim.o
 .debug_aranges
                0x0000000000000b98      0x198 ./Drivers/STM32H7xx_HAL_Driver/Src/stm32h7xx_hal_tim_ex.o
 .debug_aranges
                0x0000000000000d30      0x248 ./Drivers/STM32H7xx_HAL_Driver/Src/stm32h7xx_hal_uart.o
 .debug_aranges
                0x0000000000000f78       0xa0 ./Drivers/STM32H7xx_HAL_Driver/Src/stm32h7xx_hal_uart_ex.o

.debug_ranges   0x0000000000000000      0xf60
 .debug_ranges  0x0000000000000000       0x78 ./Core/Src/main.o
 .debug_ranges  0x0000000000000078       0x48 ./Core/Src/stm32h7xx_hal_msp.o
 .debug_ranges  0x00000000000000c0       0x70 ./Core/Src/stm32h7xx_it.o
 .debug_ranges  0x0000000000000130       0x18 ./Core/Src/system_stm32h7xx.o
 .debug_ranges  0x0000000000000148       0x20 ./Core/Startup/startup_stm32h723zgtx.o
 .debug_ranges  0x0000000000000168      0x1b8 ./Drivers/STM32H7xx_HAL_Driver/Src/stm32h7xx_hal.o
 .debug_ranges  0x0000000000000320      0x110 ./Drivers/STM32H7xx_HAL_Driver/Src/stm32h7xx_hal_cortex.o
 .debug_ranges  0x0000000000000430       0x48 ./Drivers/STM32H7xx_HAL_Driver/Src/stm32h7xx_hal_gpio.o
 .debug_ranges  0x0000000000000478      0x138 ./Drivers/STM32H7xx_HAL_Driver/Src/stm32h7xx_hal_pwr_ex.o
 .debug_ranges  0x00000000000005b0       0x78 ./Drivers/STM32H7xx_HAL_Driver/Src/stm32h7xx_hal_rcc.o
 .debug_ranges  0x0000000000000628       0xe8 ./Drivers/STM32H7xx_HAL_Driver/Src/stm32h7xx_hal_rcc_ex.o
 .debug_ranges  0x0000000000000710      0x3d0 ./Drivers/STM32H7xx_HAL_Driver/Src/stm32h7xx_hal_tim.o
 .debug_ranges  0x0000000000000ae0      0x188 ./Drivers/STM32H7xx_HAL_Driver/Src/stm32h7xx_hal_tim_ex.o
 .debug_ranges  0x0000000000000c68      0x268 ./Drivers/STM32H7xx_HAL_Driver/Src/stm32h7xx_hal_uart.o
 .debug_ranges  0x0000000000000ed0       0x90 ./Drivers/STM32H7xx_HAL_Driver/Src/stm32h7xx_hal_uart_ex.o

.debug_macro    0x0000000000000000    0x32786
 .debug_macro   0x0000000000000000      0x381 ./Core/Src/main.o
 .debug_macro   0x0000000000000381      0xac0 ./Core/Src/main.o
 .debug_macro   0x0000000000000e41      0x238 ./Core/Src/main.o
 .debug_macro   0x0000000000001079       0x2e ./Core/Src/main.o
 .debug_macro   0x00000000000010a7       0x3b ./Core/Src/main.o
 .debug_macro   0x00000000000010e2       0x22 ./Core/Src/main.o
 .debug_macro   0x0000000000001104       0x8e ./Core/Src/main.o
 .debug_macro   0x0000000000001192       0x51 ./Core/Src/main.o
 .debug_macro   0x00000000000011e3      0x103 ./Core/Src/main.o
 .debug_macro   0x00000000000012e6       0x6a ./Core/Src/main.o
 .debug_macro   0x0000000000001350      0x1df ./Core/Src/main.o
 .debug_macro   0x000000000000152f       0x1c ./Core/Src/main.o
 .debug_macro   0x000000000000154b       0x22 ./Core/Src/main.o
 .debug_macro   0x000000000000156d      0x101 ./Core/Src/main.o
 .debug_macro   0x000000000000166e     0x1305 ./Core/Src/main.o
 .debug_macro   0x0000000000002973      0x11f ./Core/Src/main.o
 .debug_macro   0x0000000000002a92       0x27 ./Core/Src/main.o
 .debug_macro   0x0000000000002ab9    0x211bc ./Core/Src/main.o
 .debug_macro   0x0000000000023c75       0x6d ./Core/Src/main.o
 .debug_macro   0x0000000000023ce2     0x3d09 ./Core/Src/main.o
 .debug_macro   0x00000000000279eb      0x174 ./Core/Src/main.o
 .debug_macro   0x0000000000027b5f       0x52 ./Core/Src/main.o
 .debug_macro   0x0000000000027bb1       0x17 ./Core/Src/main.o
 .debug_macro   0x0000000000027bc8       0x3c ./Core/Src/main.o
 .debug_macro   0x0000000000027c04       0x34 ./Core/Src/main.o
 .debug_macro   0x0000000000027c38       0x16 ./Core/Src/main.o
 .debug_macro   0x0000000000027c4e       0x43 ./Core/Src/main.o
 .debug_macro   0x0000000000027c91       0x34 ./Core/Src/main.o
 .debug_macro   0x0000000000027cc5       0x10 ./Core/Src/main.o
 .debug_macro   0x0000000000027cd5       0x58 ./Core/Src/main.o
 .debug_macro   0x0000000000027d2d       0x71 ./Core/Src/main.o
 .debug_macro   0x0000000000027d9e       0x1c ./Core/Src/main.o
 .debug_macro   0x0000000000027dba      0x12a ./Core/Src/main.o
 .debug_macro   0x0000000000027ee4      0x333 ./Core/Src/main.o
 .debug_macro   0x0000000000028217      0x1a9 ./Core/Src/main.o
 .debug_macro   0x00000000000283c0       0x5d ./Core/Src/main.o
 .debug_macro   0x000000000002841d     0x2462 ./Core/Src/main.o
 .debug_macro   0x000000000002a87f     0x104f ./Core/Src/main.o
 .debug_macro   0x000000000002b8ce      0x14d ./Core/Src/main.o
 .debug_macro   0x000000000002ba1b      0x114 ./Core/Src/main.o
 .debug_macro   0x000000000002bb2f      0x3f8 ./Core/Src/main.o
 .debug_macro   0x000000000002bf27       0xac ./Core/Src/main.o
 .debug_macro   0x000000000002bfd3      0x788 ./Core/Src/main.o
 .debug_macro   0x000000000002c75b      0x228 ./Core/Src/main.o
 .debug_macro   0x000000000002c983       0x66 ./Core/Src/main.o
 .debug_macro   0x000000000002c9e9      0x3a6 ./Core/Src/main.o
 .debug_macro   0x000000000002cd8f      0x3f9 ./Core/Src/main.o
 .debug_macro   0x000000000002d188      0x275 ./Core/Src/main.o
 .debug_macro   0x000000000002d3fd      0x3ca ./Core/Src/main.o
 .debug_macro   0x000000000002d7c7      0x45c ./Core/Src/main.o
 .debug_macro   0x000000000002dc23       0x3c ./Core/Src/main.o
 .debug_macro   0x000000000002dc5f       0x4a ./Core/Src/main.o
 .debug_macro   0x000000000002dca9      0x22c ./Core/Src/main.o
 .debug_macro   0x000000000002ded5       0x67 ./Core/Src/main.o
 .debug_macro   0x000000000002df3c       0xa5 ./Core/Src/main.o
 .debug_macro   0x000000000002dfe1      0x1c4 ./Core/Src/main.o
 .debug_macro   0x000000000002e1a5      0x22a ./Core/Src/main.o
 .debug_macro   0x000000000002e3cf       0x35 ./Core/Src/main.o
 .debug_macro   0x000000000002e404      0xb01 ./Core/Src/main.o
 .debug_macro   0x000000000002ef05      0x29f ./Core/Src/main.o
 .debug_macro   0x000000000002f1a4      0x67e ./Core/Src/main.o
 .debug_macro   0x000000000002f822       0xa6 ./Core/Src/main.o
 .debug_macro   0x000000000002f8c8      0x5e6 ./Core/Src/main.o
 .debug_macro   0x000000000002feae      0x142 ./Core/Src/main.o
 .debug_macro   0x000000000002fff0       0x1c ./Core/Src/main.o
 .debug_macro   0x000000000003000c       0x35 ./Core/Src/main.o
 .debug_macro   0x0000000000030041       0x10 ./Core/Src/main.o
 .debug_macro   0x0000000000030051       0x10 ./Core/Src/main.o
 .debug_macro   0x0000000000030061       0x1c ./Core/Src/main.o
 .debug_macro   0x000000000003007d       0x52 ./Core/Src/main.o
 .debug_macro   0x00000000000300cf       0x22 ./Core/Src/main.o
 .debug_macro   0x00000000000300f1       0x10 ./Core/Src/main.o
 .debug_macro   0x0000000000030101       0x40 ./Core/Src/main.o
 .debug_macro   0x0000000000030141       0xd5 ./Core/Src/main.o
 .debug_macro   0x0000000000030216       0x1c ./Core/Src/main.o
 .debug_macro   0x0000000000030232       0x3d ./Core/Src/main.o
 .debug_macro   0x000000000003026f       0x16 ./Core/Src/main.o
 .debug_macro   0x0000000000030285      0x145 ./Core/Src/main.o
 .debug_macro   0x00000000000303ca       0x22 ./Core/Src/main.o
 .debug_macro   0x00000000000303ec      0x2b7 ./Core/Src/stm32h7xx_hal_msp.o
 .debug_macro   0x00000000000306a3      0x2c1 ./Core/Src/stm32h7xx_it.o
 .debug_macro   0x0000000000030964      0x2a8 ./Core/Src/system_stm32h7xx.o
 .debug_macro   0x0000000000030c0c      0x2d2 ./Drivers/STM32H7xx_HAL_Driver/Src/stm32h7xx_hal.o
 .debug_macro   0x0000000000030ede      0x2a8 ./Drivers/STM32H7xx_HAL_Driver/Src/stm32h7xx_hal_cortex.o
 .debug_macro   0x0000000000031186      0x2af ./Drivers/STM32H7xx_HAL_Driver/Src/stm32h7xx_hal_gpio.o
 .debug_macro   0x0000000000031435      0x2e1 ./Drivers/STM32H7xx_HAL_Driver/Src/stm32h7xx_hal_pwr_ex.o
 .debug_macro   0x0000000000031716      0x2cc ./Drivers/STM32H7xx_HAL_Driver/Src/stm32h7xx_hal_rcc.o
 .debug_macro   0x00000000000319e2      0x2c6 ./Drivers/STM32H7xx_HAL_Driver/Src/stm32h7xx_hal_rcc_ex.o
 .debug_macro   0x0000000000031ca8      0x2a9 ./Drivers/STM32H7xx_HAL_Driver/Src/stm32h7xx_hal_tim.o
 .debug_macro   0x0000000000031f51      0x2ae ./Drivers/STM32H7xx_HAL_Driver/Src/stm32h7xx_hal_tim_ex.o
 .debug_macro   0x00000000000321ff      0x2d3 ./Drivers/STM32H7xx_HAL_Driver/Src/stm32h7xx_hal_uart.o
 .debug_macro   0x00000000000324d2      0x2b4 ./Drivers/STM32H7xx_HAL_Driver/Src/stm32h7xx_hal_uart_ex.o

.debug_line     0x0000000000000000    0x13f5c
 .debug_line    0x0000000000000000     0x1020 ./Core/Src/main.o
 .debug_line    0x0000000000001020      0xa31 ./Core/Src/stm32h7xx_hal_msp.o
 .debug_line    0x0000000000001a51      0x97c ./Core/Src/stm32h7xx_it.o
 .debug_line    0x00000000000023cd      0xa01 ./Core/Src/system_stm32h7xx.o
 .debug_line    0x0000000000002dce       0x88 ./Core/Startup/startup_stm32h723zgtx.o
 .debug_line    0x0000000000002e56      0xe98 ./Drivers/STM32H7xx_HAL_Driver/Src/stm32h7xx_hal.o
 .debug_line    0x0000000000003cee      0xe0d ./Drivers/STM32H7xx_HAL_Driver/Src/stm32h7xx_hal_cortex.o
 .debug_line    0x0000000000004afb      0xcb6 ./Drivers/STM32H7xx_HAL_Driver/Src/stm32h7xx_hal_gpio.o
 .debug_line    0x00000000000057b1      0xe7c ./Drivers/STM32H7xx_HAL_Driver/Src/stm32h7xx_hal_pwr_ex.o
 .debug_line    0x000000000000662d     0x12d8 ./Drivers/STM32H7xx_HAL_Driver/Src/stm32h7xx_hal_rcc.o
 .debug_line    0x0000000000007905     0x1a46 ./Drivers/STM32H7xx_HAL_Driver/Src/stm32h7xx_hal_rcc_ex.o
 .debug_line    0x000000000000934b     0x3f51 ./Drivers/STM32H7xx_HAL_Driver/Src/stm32h7xx_hal_tim.o
 .debug_line    0x000000000000d29c     0x1f0a ./Drivers/STM32H7xx_HAL_Driver/Src/stm32h7xx_hal_tim_ex.o
 .debug_line    0x000000000000f1a6     0x3ed1 ./Drivers/STM32H7xx_HAL_Driver/Src/stm32h7xx_hal_uart.o
 .debug_line    0x0000000000013077      0xee5 ./Drivers/STM32H7xx_HAL_Driver/Src/stm32h7xx_hal_uart_ex.o

.debug_str      0x0000000000000000   0x14c2c8
 .debug_str     0x0000000000000000   0x147e84 ./Core/Src/main.o
                                     0x148565 (size before relaxing)
 .debug_str     0x0000000000147e84      0x3e4 ./Core/Src/stm32h7xx_hal_msp.o
                                     0x1473e1 (size before relaxing)
 .debug_str     0x0000000000148268      0x104 ./Core/Src/stm32h7xx_it.o
                                     0x146429 (size before relaxing)
 .debug_str     0x000000000014836c      0x27f ./Core/Src/system_stm32h7xx.o
                                     0x145cae (size before relaxing)
 .debug_str     0x00000000001485eb       0x36 ./Core/Startup/startup_stm32h723zgtx.o
                                         0x69 (size before relaxing)
 .debug_str     0x0000000000148621      0x916 ./Drivers/STM32H7xx_HAL_Driver/Src/stm32h7xx_hal.o
                                     0x146c50 (size before relaxing)
 .debug_str     0x0000000000148f37      0x39f ./Drivers/STM32H7xx_HAL_Driver/Src/stm32h7xx_hal_cortex.o
                                     0x146637 (size before relaxing)
 .debug_str     0x00000000001492d6      0x12a ./Drivers/STM32H7xx_HAL_Driver/Src/stm32h7xx_hal_gpio.o
                                     0x145d26 (size before relaxing)
 .debug_str     0x0000000000149400      0x5ea ./Drivers/STM32H7xx_HAL_Driver/Src/stm32h7xx_hal_pwr_ex.o
                                     0x146110 (size before relaxing)
 .debug_str     0x00000000001499ea      0x26c ./Drivers/STM32H7xx_HAL_Driver/Src/stm32h7xx_hal_rcc.o
                                     0x146036 (size before relaxing)
 .debug_str     0x0000000000149c56      0x665 ./Drivers/STM32H7xx_HAL_Driver/Src/stm32h7xx_hal_rcc_ex.o
                                     0x146526 (size before relaxing)
 .debug_str     0x000000000014a2bb      0xcba ./Drivers/STM32H7xx_HAL_Driver/Src/stm32h7xx_hal_tim.o
                                     0x146dbe (size before relaxing)
 .debug_str     0x000000000014af75      0x673 ./Drivers/STM32H7xx_HAL_Driver/Src/stm32h7xx_hal_tim_ex.o
                                     0x14671d (size before relaxing)
 .debug_str     0x000000000014b5e8      0xa00 ./Drivers/STM32H7xx_HAL_Driver/Src/stm32h7xx_hal_uart.o
                                     0x146aa4 (size before relaxing)
 .debug_str     0x000000000014bfe8      0x2e0 ./Drivers/STM32H7xx_HAL_Driver/Src/stm32h7xx_hal_uart_ex.o
                                     0x1460cc (size before relaxing)

.comment        0x0000000000000000       0x53
 .comment       0x0000000000000000       0x53 ./Core/Src/main.o
                                         0x54 (size before relaxing)
 .comment       0x0000000000000053       0x54 ./Core/Src/stm32h7xx_hal_msp.o
 .comment       0x0000000000000053       0x54 ./Core/Src/stm32h7xx_it.o
 .comment       0x0000000000000053       0x54 ./Core/Src/system_stm32h7xx.o
 .comment       0x0000000000000053       0x54 ./Drivers/STM32H7xx_HAL_Driver/Src/stm32h7xx_hal.o
 .comment       0x0000000000000053       0x54 ./Drivers/STM32H7xx_HAL_Driver/Src/stm32h7xx_hal_cortex.o
 .comment       0x0000000000000053       0x54 ./Drivers/STM32H7xx_HAL_Driver/Src/stm32h7xx_hal_gpio.o
 .comment       0x0000000000000053       0x54 ./Drivers/STM32H7xx_HAL_Driver/Src/stm32h7xx_hal_pwr_ex.o
 .comment       0x0000000000000053       0x54 ./Drivers/STM32H7xx_HAL_Driver/Src/stm32h7xx_hal_rcc.o
 .comment       0x0000000000000053       0x54 ./Drivers/STM32H7xx_HAL_Driver/Src/stm32h7xx_hal_rcc_ex.o
 .comment       0x0000000000000053       0x54 ./Drivers/STM32H7xx_HAL_Driver/Src/stm32h7xx_hal_tim.o
 .comment       0x0000000000000053       0x54 ./Drivers/STM32H7xx_HAL_Driver/Src/stm32h7xx_hal_tim_ex.o
 .comment       0x0000000000000053       0x54 ./Drivers/STM32H7xx_HAL_Driver/Src/stm32h7xx_hal_uart.o
 .comment       0x0000000000000053       0x54 ./Drivers/STM32H7xx_HAL_Driver/Src/stm32h7xx_hal_uart_ex.o

.debug_frame    0x0000000000000000     0x44a0
 .debug_frame   0x0000000000000000      0x1f4 ./Core/Src/main.o
 .debug_frame   0x00000000000001f4      0x138 ./Core/Src/stm32h7xx_hal_msp.o
 .debug_frame   0x000000000000032c      0x174 ./Core/Src/stm32h7xx_it.o
 .debug_frame   0x00000000000004a0       0x58 ./Core/Src/system_stm32h7xx.o
 .debug_frame   0x00000000000004f8      0x760 ./Drivers/STM32H7xx_HAL_Driver/Src/stm32h7xx_hal.o
 .debug_frame   0x0000000000000c58      0x4b8 ./Drivers/STM32H7xx_HAL_Driver/Src/stm32h7xx_hal_cortex.o
 .debug_frame   0x0000000000001110      0x14c ./Drivers/STM32H7xx_HAL_Driver/Src/stm32h7xx_hal_gpio.o
 .debug_frame   0x000000000000125c      0x540 ./Drivers/STM32H7xx_HAL_Driver/Src/stm32h7xx_hal_pwr_ex.o
 .debug_frame   0x000000000000179c      0x1fc ./Drivers/STM32H7xx_HAL_Driver/Src/stm32h7xx_hal_rcc.o
 .debug_frame   0x0000000000001998      0x3f4 ./Drivers/STM32H7xx_HAL_Driver/Src/stm32h7xx_hal_rcc_ex.o
 .debug_frame   0x0000000000001d8c     0x121c ./Drivers/STM32H7xx_HAL_Driver/Src/stm32h7xx_hal_tim.o
 .debug_frame   0x0000000000002fa8      0x724 ./Drivers/STM32H7xx_HAL_Driver/Src/stm32h7xx_hal_tim_ex.o
 .debug_frame   0x00000000000036cc      0xa8c ./Drivers/STM32H7xx_HAL_Driver/Src/stm32h7xx_hal_uart.o
 .debug_frame   0x0000000000004158      0x29c ./Drivers/STM32H7xx_HAL_Driver/Src/stm32h7xx_hal_uart_ex.o
 .debug_frame   0x00000000000043f4       0x2c c:/st/stm32cubeide_1.7.0/stm32cubeide/plugins/com.st.stm32cube.ide.mcu.externaltools.gnu-tools-for-stm32.9-2020-q2-update.win32_2.0.0.202105311346/tools/bin/../lib/gcc/arm-none-eabi/9.3.1/../../../../arm-none-eabi/lib/thumb/v7e-m+dp/hard\libc_nano.a(lib_a-init.o)
 .debug_frame   0x0000000000004420       0x20 c:/st/stm32cubeide_1.7.0/stm32cubeide/plugins/com.st.stm32cube.ide.mcu.externaltools.gnu-tools-for-stm32.9-2020-q2-update.win32_2.0.0.202105311346/tools/bin/../lib/gcc/arm-none-eabi/9.3.1/../../../../arm-none-eabi/lib/thumb/v7e-m+dp/hard\libc_nano.a(lib_a-memset.o)
 .debug_frame   0x0000000000004440       0x2c c:/st/stm32cubeide_1.7.0/stm32cubeide/plugins/com.st.stm32cube.ide.mcu.externaltools.gnu-tools-for-stm32.9-2020-q2-update.win32_2.0.0.202105311346/tools/bin/../lib/gcc/arm-none-eabi/9.3.1/thumb/v7e-m+dp/hard\libgcc.a(_aeabi_uldivmod.o)
 .debug_frame   0x000000000000446c       0x34 c:/st/stm32cubeide_1.7.0/stm32cubeide/plugins/com.st.stm32cube.ide.mcu.externaltools.gnu-tools-for-stm32.9-2020-q2-update.win32_2.0.0.202105311346/tools/bin/../lib/gcc/arm-none-eabi/9.3.1/thumb/v7e-m+dp/hard\libgcc.a(_udivmoddi4.o)
