main.c:106:5:main	16	static
main.c:270:6:SystemClock_Config	120	static
main.c:327:13:MX_TIM2_Init	40	static
main.c:372:13:MX_TIM3_Init	56	static
main.c:421:13:MX_TIM4_Init	64	static
main.c:480:13:MX_TIM5_Init	40	static
main.c:525:13:MX_TIM8_Init	56	static
main.c:585:13:MX_TIM23_Init	40	static
main.c:630:13:MX_TIM24_Init	40	static
main.c:675:13:MX_USART3_UART_Init	8	static
main.c:723:13:MX_USB_OTG_HS_USB_Init	4	static
main.c:744:13:MX_GPIO_Init	56	static
main.c:897:6:HAL_TIM_PeriodElapsedCallback	16	static
main.c:992:6:Error_Handler	4	static,ignoring_inline_asm
